Component: ARM Compiler 5.06 update 4 (build 422) Tool: armlink [4d35d2]

==============================================================================

Section Cross References

    main.o(.text) refers to misc.o(.text) for NVIC_PriorityGroupConfig
    main.o(.text) refers to led.o(.text) for LED_Configuration
    main.o(.text) refers to usart1.o(.text) for USART1_Configuration
    main.o(.text) refers to usart2.o(.text) for USART2_Configuration
    main.o(.text) refers to usart3.o(.text) for USART3_Configuration
    main.o(.text) refers to usart4.o(.text) for UART4_Configuration
    main.o(.text) refers to can1.o(.text) for CAN1_Configuration
    main.o(.text) refers to can2.o(.text) for CAN2_Configuration
    main.o(.text) refers to bodanmotor.o(.text) for BODAN_Configuration
    main.o(.text) refers to control.o(.text) for SWITCH_Configuration
    main.o(.text) refers to rubwheel.o(.text) for RubWheelPWMConfiguration
    main.o(.text) refers to delay.o(.text) for delay_ms
    main.o(.text) refers to move.o(.text) for offset_2
    main.o(.text) refers to main.o(.bss) for PID_Speed
    main.o(.text) refers to usart3.o(.data) for TB
    main.o(.text) refers to main.o(.data) for CountForStatus
    main.o(.text) refers to usart1.o(.bss) for RC_Ctl
    main.o(.text) refers to usart3.o(.bss) for AutoControl
    main.o(.text) refers to dflti.o(.text) for __aeabi_i2d
    main.o(.text) refers to dmul.o(.text) for __aeabi_dmul
    main.o(.text) refers to d2f.o(.text) for __aeabi_d2f
    main.o(.text) refers to can2.o(.bss) for HG900MotorData
    main.o(.text) refers to f2d.o(.text) for __aeabi_f2d
    main.o(.text) refers to dadd.o(.text) for __aeabi_dadd
    main.o(.text) refers to usart4.o(.bss) for gyro
    main.o(.text) refers to stm32f4xx_tim.o(.text) for TIM_SetCompare1
    led.o(.text) refers to stm32f4xx_rcc.o(.text) for RCC_AHB1PeriphClockCmd
    led.o(.text) refers to stm32f4xx_gpio.o(.text) for GPIO_Init
    can2.o(.text) refers to stm32f4xx_rcc.o(.text) for RCC_AHB1PeriphClockCmd
    can2.o(.text) refers to stm32f4xx_gpio.o(.text) for GPIO_PinAFConfig
    can2.o(.text) refers to misc.o(.text) for NVIC_Init
    can2.o(.text) refers to stm32f4xx_can.o(.text) for CAN_Init
    can2.o(.text) refers to can2.o(.bss) for HG900MotorData
    usart1.o(.text) refers to stm32f4xx_rcc.o(.text) for RCC_AHB1PeriphClockCmd
    usart1.o(.text) refers to stm32f4xx_gpio.o(.text) for GPIO_PinAFConfig
    usart1.o(.text) refers to stm32f4xx_usart.o(.text) for USART_Init
    usart1.o(.text) refers to misc.o(.text) for NVIC_Init
    usart1.o(.text) refers to stm32f4xx_dma.o(.text) for DMA_DeInit
    usart1.o(.text) refers to usart1.o(.bss) for sbus_rx_buffer
    usart2.o(.text) refers to stm32f4xx_rcc.o(.text) for RCC_AHB1PeriphClockCmd
    usart2.o(.text) refers to stm32f4xx_gpio.o(.text) for GPIO_PinAFConfig
    usart2.o(.text) refers to stm32f4xx_usart.o(.text) for USART_Init
    usart2.o(.text) refers to misc.o(.text) for NVIC_Init
    usart2.o(.text) refers to stm32f4xx_dma.o(.text) for DMA_Init
    usart2.o(.text) refers to usart3.o(.data) for TB
    usart2.o(.text) refers to usart2.o(.data) for RZigBee
    usart3.o(.text) refers to stm32f4xx_rcc.o(.text) for RCC_AHB1PeriphClockCmd
    usart3.o(.text) refers to stm32f4xx_gpio.o(.text) for GPIO_PinAFConfig
    usart3.o(.text) refers to stm32f4xx_usart.o(.text) for USART_Init
    usart3.o(.text) refers to misc.o(.text) for NVIC_Init
    usart3.o(.text) refers to stm32f4xx_dma.o(.text) for DMA_Init
    usart3.o(.text) refers to dfltui.o(.text) for __aeabi_ui2d
    usart3.o(.text) refers to dmul.o(.text) for __aeabi_dmul
    usart3.o(.text) refers to dadd.o(.text) for __aeabi_dsub
    usart3.o(.text) refers to d2f.o(.text) for __aeabi_d2f
    usart3.o(.text) refers to usart3.o(.data) for TB
    usart3.o(.text) refers to usart3.o(.bss) for RB
    usart3.o(.text) refers to main.o(.data) for YawOffset
    usart4.o(.text) refers to stm32f4xx_rcc.o(.text) for RCC_AHB1PeriphClockCmd
    usart4.o(.text) refers to stm32f4xx_gpio.o(.text) for GPIO_PinAFConfig
    usart4.o(.text) refers to stm32f4xx_usart.o(.text) for USART_Init
    usart4.o(.text) refers to misc.o(.text) for NVIC_Init
    usart4.o(.text) refers to stm32f4xx_dma.o(.text) for DMA_Cmd
    usart4.o(.text) refers to dflti.o(.text) for __aeabi_i2d
    usart4.o(.text) refers to ddiv.o(.text) for __aeabi_ddiv
    usart4.o(.text) refers to dmul.o(.text) for __aeabi_dmul
    usart4.o(.text) refers to d2f.o(.text) for __aeabi_d2f
    usart4.o(.text) refers to usart4.o(.bss) for GYRO_buffer
    bodanmotor.o(.text) refers to stm32f4xx_rcc.o(.text) for RCC_AHB1PeriphClockCmd
    bodanmotor.o(.text) refers to stm32f4xx_gpio.o(.text) for GPIO_Init
    bodanmotor.o(.text) refers to stm32f4xx_tim.o(.text) for TIM_TimeBaseInit
    bodanmotor.o(.text) refers to misc.o(.text) for NVIC_Init
    bodanmotor.o(.text) refers to delay.o(.text) for delay_us
    bodanmotor.o(.text) refers to bodanmotor.o(.data) for motor_circle
    move.o(.text) refers to dflti.o(.text) for __aeabi_i2d
    move.o(.text) refers to ddiv.o(.text) for __aeabi_ddiv
    move.o(.text) refers to dmul.o(.text) for __aeabi_dmul
    move.o(.text) refers to dfixi.o(.text) for __aeabi_d2iz
    move.o(.text) refers to usart1.o(.bss) for RC_Ctl
    control.o(.text) refers to stm32f4xx_rcc.o(.text) for RCC_AHB1PeriphClockCmd
    control.o(.text) refers to stm32f4xx_gpio.o(.text) for GPIO_Init
    can1.o(.text) refers to stm32f4xx_rcc.o(.text) for RCC_AHB1PeriphClockCmd
    can1.o(.text) refers to stm32f4xx_gpio.o(.text) for GPIO_PinAFConfig
    can1.o(.text) refers to misc.o(.text) for NVIC_Init
    can1.o(.text) refers to stm32f4xx_can.o(.text) for CAN_Init
    can1.o(.text) refers to main.o(.data) for test1
    rubwheel.o(.text) refers to stm32f4xx_rcc.o(.text) for RCC_AHB1PeriphClockCmd
    rubwheel.o(.text) refers to stm32f4xx_gpio.o(.text) for GPIO_Init
    rubwheel.o(.text) refers to stm32f4xx_tim.o(.text) for TIM_TimeBaseInit
    stm32f4xx_tim.o(.text) refers to stm32f4xx_rcc.o(.text) for RCC_APB2PeriphResetCmd
    stm32f4xx_adc.o(.text) refers to stm32f4xx_rcc.o(.text) for RCC_APB2PeriphResetCmd
    stm32f4xx_rcc.o(.text) refers to stm32f4xx_rcc.o(.data) for APBAHBPrescTable
    stm32f4xx_can.o(.text) refers to stm32f4xx_rcc.o(.text) for RCC_APB1PeriphResetCmd
    stm32f4xx_gpio.o(.text) refers to stm32f4xx_rcc.o(.text) for RCC_AHB1PeriphResetCmd
    stm32f4xx_usart.o(.text) refers to stm32f4xx_rcc.o(.text) for RCC_APB2PeriphResetCmd
    stm32f4xx_syscfg.o(.text) refers to stm32f4xx_rcc.o(.text) for RCC_APB2PeriphResetCmd
    system_stm32f4xx.o(.text) refers to system_stm32f4xx.o(.data) for SystemCoreClock
    startup_stm32f4xx.o(RESET) refers to startup_stm32f4xx.o(STACK) for __initial_sp
    startup_stm32f4xx.o(RESET) refers to startup_stm32f4xx.o(.text) for Reset_Handler
    startup_stm32f4xx.o(RESET) refers to stm32f4xx_it.o(.text) for NMI_Handler
    startup_stm32f4xx.o(RESET) refers to main.o(.text) for SysTick_Handler
    startup_stm32f4xx.o(RESET) refers to usart3.o(.text) for DMA1_Stream1_IRQHandler
    startup_stm32f4xx.o(RESET) refers to usart4.o(.text) for DMA1_Stream2_IRQHandler
    startup_stm32f4xx.o(RESET) refers to usart2.o(.text) for DMA1_Stream5_IRQHandler
    startup_stm32f4xx.o(RESET) refers to can1.o(.text) for CAN1_RX0_IRQHandler
    startup_stm32f4xx.o(RESET) refers to bodanmotor.o(.text) for TIM1_UP_TIM10_IRQHandler
    startup_stm32f4xx.o(RESET) refers to usart1.o(.text) for DMA2_Stream2_IRQHandler
    startup_stm32f4xx.o(RESET) refers to can2.o(.text) for CAN2_RX0_IRQHandler
    startup_stm32f4xx.o(.text) refers to system_stm32f4xx.o(.text) for SystemInit
    startup_stm32f4xx.o(.text) refers to entry.o(.ARM.Collect$$$$00000000) for __main
    stm32f4xx_wwdg.o(.text) refers to stm32f4xx_rcc.o(.text) for RCC_APB1PeriphResetCmd
    entry.o(.ARM.Collect$$$$00000000) refers (Special) to entry10a.o(.ARM.Collect$$$$0000000D) for __rt_final_cpp
    entry.o(.ARM.Collect$$$$00000000) refers (Special) to entry11a.o(.ARM.Collect$$$$0000000F) for __rt_final_exit
    entry.o(.ARM.Collect$$$$00000000) refers (Special) to entry7b.o(.ARM.Collect$$$$00000008) for _main_clock
    entry.o(.ARM.Collect$$$$00000000) refers (Special) to entry8b.o(.ARM.Collect$$$$0000000A) for _main_cpp_init
    entry.o(.ARM.Collect$$$$00000000) refers (Special) to entry9a.o(.ARM.Collect$$$$0000000B) for _main_init
    entry.o(.ARM.Collect$$$$00000000) refers (Special) to entry5.o(.ARM.Collect$$$$00000004) for _main_scatterload
    entry.o(.ARM.Collect$$$$00000000) refers (Special) to entry2.o(.ARM.Collect$$$$00000001) for _main_stk
    dadd.o(.text) refers (Special) to iusefp.o(.text) for __I$use$fp
    dadd.o(.text) refers to llshl.o(.text) for __aeabi_llsl
    dadd.o(.text) refers to llsshr.o(.text) for __aeabi_lasr
    dadd.o(.text) refers to depilogue.o(.text) for _double_epilogue
    dmul.o(.text) refers (Special) to iusefp.o(.text) for __I$use$fp
    dmul.o(.text) refers to depilogue.o(.text) for _double_epilogue
    ddiv.o(.text) refers (Special) to iusefp.o(.text) for __I$use$fp
    ddiv.o(.text) refers to depilogue.o(.text) for _double_round
    dflti.o(.text) refers (Special) to iusefp.o(.text) for __I$use$fp
    dflti.o(.text) refers to depilogue.o(.text) for _double_epilogue
    dfltui.o(.text) refers (Special) to iusefp.o(.text) for __I$use$fp
    dfltui.o(.text) refers to depilogue.o(.text) for _double_epilogue
    dfixi.o(.text) refers (Special) to iusefp.o(.text) for __I$use$fp
    dfixi.o(.text) refers to llushr.o(.text) for __aeabi_llsr
    f2d.o(.text) refers (Special) to iusefp.o(.text) for __I$use$fp
    d2f.o(.text) refers (Special) to iusefp.o(.text) for __I$use$fp
    d2f.o(.text) refers to fepilogue.o(.text) for _float_round
    entry2.o(.ARM.Collect$$$$00000001) refers to entry2.o(.ARM.Collect$$$$00002712) for __lit__00000000
    entry2.o(.ARM.Collect$$$$00002712) refers to startup_stm32f4xx.o(STACK) for __initial_sp
    entry2.o(__vectab_stack_and_reset_area) refers to startup_stm32f4xx.o(STACK) for __initial_sp
    entry2.o(__vectab_stack_and_reset_area) refers to entry.o(.ARM.Collect$$$$00000000) for __main
    entry5.o(.ARM.Collect$$$$00000004) refers to init.o(.text) for __scatterload
    entry9a.o(.ARM.Collect$$$$0000000B) refers to main.o(.text) for main
    entry9b.o(.ARM.Collect$$$$0000000C) refers to main.o(.text) for main
    depilogue.o(.text) refers to llshl.o(.text) for __aeabi_llsl
    depilogue.o(.text) refers to llushr.o(.text) for __aeabi_llsr
    init.o(.text) refers to entry5.o(.ARM.Collect$$$$00000004) for __main_after_scatterload


==============================================================================

Removing Unused input sections from the image.

    Removing main.o(.rev16_text), (4 bytes).
    Removing main.o(.revsh_text), (4 bytes).
    Removing main.o(.rrx_text), (6 bytes).
    Removing led.o(.rev16_text), (4 bytes).
    Removing led.o(.revsh_text), (4 bytes).
    Removing led.o(.rrx_text), (6 bytes).
    Removing stm32f4xx_it.o(.rev16_text), (4 bytes).
    Removing stm32f4xx_it.o(.revsh_text), (4 bytes).
    Removing stm32f4xx_it.o(.rrx_text), (6 bytes).
    Removing delay.o(.rev16_text), (4 bytes).
    Removing delay.o(.revsh_text), (4 bytes).
    Removing delay.o(.rrx_text), (6 bytes).
    Removing can2.o(.rev16_text), (4 bytes).
    Removing can2.o(.revsh_text), (4 bytes).
    Removing can2.o(.rrx_text), (6 bytes).
    Removing usart1.o(.rev16_text), (4 bytes).
    Removing usart1.o(.revsh_text), (4 bytes).
    Removing usart1.o(.rrx_text), (6 bytes).
    Removing usart2.o(.rev16_text), (4 bytes).
    Removing usart2.o(.revsh_text), (4 bytes).
    Removing usart2.o(.rrx_text), (6 bytes).
    Removing usart3.o(.rev16_text), (4 bytes).
    Removing usart3.o(.revsh_text), (4 bytes).
    Removing usart3.o(.rrx_text), (6 bytes).
    Removing usart4.o(.rev16_text), (4 bytes).
    Removing usart4.o(.revsh_text), (4 bytes).
    Removing usart4.o(.rrx_text), (6 bytes).
    Removing bodanmotor.o(.rev16_text), (4 bytes).
    Removing bodanmotor.o(.revsh_text), (4 bytes).
    Removing bodanmotor.o(.rrx_text), (6 bytes).
    Removing move.o(.rev16_text), (4 bytes).
    Removing move.o(.revsh_text), (4 bytes).
    Removing move.o(.rrx_text), (6 bytes).
    Removing control.o(.rev16_text), (4 bytes).
    Removing control.o(.revsh_text), (4 bytes).
    Removing control.o(.rrx_text), (6 bytes).
    Removing can1.o(.rev16_text), (4 bytes).
    Removing can1.o(.revsh_text), (4 bytes).
    Removing can1.o(.rrx_text), (6 bytes).
    Removing rubwheel.o(.rev16_text), (4 bytes).
    Removing rubwheel.o(.revsh_text), (4 bytes).
    Removing rubwheel.o(.rrx_text), (6 bytes).
    Removing misc.o(.rev16_text), (4 bytes).
    Removing misc.o(.revsh_text), (4 bytes).
    Removing misc.o(.rrx_text), (6 bytes).
    Removing stm32f4xx_tim.o(.rev16_text), (4 bytes).
    Removing stm32f4xx_tim.o(.revsh_text), (4 bytes).
    Removing stm32f4xx_tim.o(.rrx_text), (6 bytes).
    Removing stm32f4xx_adc.o(.rev16_text), (4 bytes).
    Removing stm32f4xx_adc.o(.revsh_text), (4 bytes).
    Removing stm32f4xx_adc.o(.rrx_text), (6 bytes).
    Removing stm32f4xx_adc.o(.text), (1124 bytes).
    Removing stm32f4xx_rcc.o(.rev16_text), (4 bytes).
    Removing stm32f4xx_rcc.o(.revsh_text), (4 bytes).
    Removing stm32f4xx_rcc.o(.rrx_text), (6 bytes).
    Removing stm32f4xx_can.o(.rev16_text), (4 bytes).
    Removing stm32f4xx_can.o(.revsh_text), (4 bytes).
    Removing stm32f4xx_can.o(.rrx_text), (6 bytes).
    Removing stm32f4xx_exti.o(.rev16_text), (4 bytes).
    Removing stm32f4xx_exti.o(.revsh_text), (4 bytes).
    Removing stm32f4xx_exti.o(.rrx_text), (6 bytes).
    Removing stm32f4xx_exti.o(.text), (284 bytes).
    Removing stm32f4xx_gpio.o(.rev16_text), (4 bytes).
    Removing stm32f4xx_gpio.o(.revsh_text), (4 bytes).
    Removing stm32f4xx_gpio.o(.rrx_text), (6 bytes).
    Removing stm32f4xx_dma.o(.rev16_text), (4 bytes).
    Removing stm32f4xx_dma.o(.revsh_text), (4 bytes).
    Removing stm32f4xx_dma.o(.rrx_text), (6 bytes).
    Removing stm32f4xx_usart.o(.rev16_text), (4 bytes).
    Removing stm32f4xx_usart.o(.revsh_text), (4 bytes).
    Removing stm32f4xx_usart.o(.rrx_text), (6 bytes).
    Removing stm32f4xx_syscfg.o(.rev16_text), (4 bytes).
    Removing stm32f4xx_syscfg.o(.revsh_text), (4 bytes).
    Removing stm32f4xx_syscfg.o(.rrx_text), (6 bytes).
    Removing stm32f4xx_syscfg.o(.text), (140 bytes).
    Removing system_stm32f4xx.o(.rev16_text), (4 bytes).
    Removing system_stm32f4xx.o(.revsh_text), (4 bytes).
    Removing system_stm32f4xx.o(.rrx_text), (6 bytes).
    Removing startup_stm32f4xx.o(HEAP), (512 bytes).
    Removing stm32f4xx_wwdg.o(.rev16_text), (4 bytes).
    Removing stm32f4xx_wwdg.o(.revsh_text), (4 bytes).
    Removing stm32f4xx_wwdg.o(.rrx_text), (6 bytes).
    Removing stm32f4xx_wwdg.o(.text), (144 bytes).
    Removing stm32f4xx_iwdg.o(.rev16_text), (4 bytes).
    Removing stm32f4xx_iwdg.o(.revsh_text), (4 bytes).
    Removing stm32f4xx_iwdg.o(.rrx_text), (6 bytes).
    Removing stm32f4xx_iwdg.o(.text), (64 bytes).

87 unused section(s) (total 2646 bytes) removed from the image.

==============================================================================

Image Symbol Table

    Local Symbols

    Symbol Name                              Value     Ov Type        Size  Object(Section)

    ../clib/microlib/init/entry.s            0x00000000   Number         0  entry11a.o ABSOLUTE
    ../clib/microlib/init/entry.s            0x00000000   Number         0  entry7a.o ABSOLUTE
    ../clib/microlib/init/entry.s            0x00000000   Number         0  entry5.o ABSOLUTE
    ../clib/microlib/init/entry.s            0x00000000   Number         0  entry8b.o ABSOLUTE
    ../clib/microlib/init/entry.s            0x00000000   Number         0  entry11b.o ABSOLUTE
    ../clib/microlib/init/entry.s            0x00000000   Number         0  entry2.o ABSOLUTE
    ../clib/microlib/init/entry.s            0x00000000   Number         0  entry9a.o ABSOLUTE
    ../clib/microlib/init/entry.s            0x00000000   Number         0  entry8a.o ABSOLUTE
    ../clib/microlib/init/entry.s            0x00000000   Number         0  entry10b.o ABSOLUTE
    ../clib/microlib/init/entry.s            0x00000000   Number         0  entry7b.o ABSOLUTE
    ../clib/microlib/init/entry.s            0x00000000   Number         0  entry.o ABSOLUTE
    ../clib/microlib/init/entry.s            0x00000000   Number         0  entry10a.o ABSOLUTE
    ../clib/microlib/init/entry.s            0x00000000   Number         0  entry9b.o ABSOLUTE
    ../clib/microlib/longlong.c              0x00000000   Number         0  llsshr.o ABSOLUTE
    ../clib/microlib/longlong.c              0x00000000   Number         0  llushr.o ABSOLUTE
    ../clib/microlib/longlong.c              0x00000000   Number         0  llshl.o ABSOLUTE
    ../clib/microlib/stubs.s                 0x00000000   Number         0  iusefp.o ABSOLUTE
    ../fplib/microlib/d2f.c                  0x00000000   Number         0  d2f.o ABSOLUTE
    ../fplib/microlib/f2d.c                  0x00000000   Number         0  f2d.o ABSOLUTE
    ../fplib/microlib/fpadd.c                0x00000000   Number         0  dadd.o ABSOLUTE
    ../fplib/microlib/fpdiv.c                0x00000000   Number         0  ddiv.o ABSOLUTE
    ../fplib/microlib/fpepilogue.c           0x00000000   Number         0  fepilogue.o ABSOLUTE
    ../fplib/microlib/fpepilogue.c           0x00000000   Number         0  depilogue.o ABSOLUTE
    ../fplib/microlib/fpfix.c                0x00000000   Number         0  dfixi.o ABSOLUTE
    ../fplib/microlib/fpflt.c                0x00000000   Number         0  dfltui.o ABSOLUTE
    ../fplib/microlib/fpflt.c                0x00000000   Number         0  dflti.o ABSOLUTE
    ../fplib/microlib/fpmul.c                0x00000000   Number         0  dmul.o ABSOLUTE
    ..\Libraries\misc.c                      0x00000000   Number         0  misc.o ABSOLUTE
    ..\Libraries\startup_stm32f4xx.s         0x00000000   Number         0  startup_stm32f4xx.o ABSOLUTE
    ..\Libraries\stm32f4xx_adc.c             0x00000000   Number         0  stm32f4xx_adc.o ABSOLUTE
    ..\Libraries\stm32f4xx_can.c             0x00000000   Number         0  stm32f4xx_can.o ABSOLUTE
    ..\Libraries\stm32f4xx_dma.c             0x00000000   Number         0  stm32f4xx_dma.o ABSOLUTE
    ..\Libraries\stm32f4xx_exti.c            0x00000000   Number         0  stm32f4xx_exti.o ABSOLUTE
    ..\Libraries\stm32f4xx_gpio.c            0x00000000   Number         0  stm32f4xx_gpio.o ABSOLUTE
    ..\Libraries\stm32f4xx_iwdg.c            0x00000000   Number         0  stm32f4xx_iwdg.o ABSOLUTE
    ..\Libraries\stm32f4xx_rcc.c             0x00000000   Number         0  stm32f4xx_rcc.o ABSOLUTE
    ..\Libraries\stm32f4xx_syscfg.c          0x00000000   Number         0  stm32f4xx_syscfg.o ABSOLUTE
    ..\Libraries\stm32f4xx_tim.c             0x00000000   Number         0  stm32f4xx_tim.o ABSOLUTE
    ..\Libraries\stm32f4xx_usart.c           0x00000000   Number         0  stm32f4xx_usart.o ABSOLUTE
    ..\Libraries\stm32f4xx_wwdg.c            0x00000000   Number         0  stm32f4xx_wwdg.o ABSOLUTE
    ..\Libraries\system_stm32f4xx.c          0x00000000   Number         0  system_stm32f4xx.o ABSOLUTE
    ..\Mylib\bodanmotor.c                    0x00000000   Number         0  bodanmotor.o ABSOLUTE
    ..\Mylib\can1.c                          0x00000000   Number         0  can1.o ABSOLUTE
    ..\Mylib\can2.c                          0x00000000   Number         0  can2.o ABSOLUTE
    ..\Mylib\control.c                       0x00000000   Number         0  control.o ABSOLUTE
    ..\Mylib\delay.c                         0x00000000   Number         0  delay.o ABSOLUTE
    ..\Mylib\led.c                           0x00000000   Number         0  led.o ABSOLUTE
    ..\Mylib\move.c                          0x00000000   Number         0  move.o ABSOLUTE
    ..\Mylib\rubwheel.c                      0x00000000   Number         0  rubwheel.o ABSOLUTE
    ..\Mylib\usart1.c                        0x00000000   Number         0  usart1.o ABSOLUTE
    ..\Mylib\usart2.c                        0x00000000   Number         0  usart2.o ABSOLUTE
    ..\Mylib\usart3.c                        0x00000000   Number         0  usart3.o ABSOLUTE
    ..\Mylib\usart4.c                        0x00000000   Number         0  usart4.o ABSOLUTE
    ..\User\main.c                           0x00000000   Number         0  main.o ABSOLUTE
    ..\User\stm32f4xx_it.c                   0x00000000   Number         0  stm32f4xx_it.o ABSOLUTE
    ..\\Libraries\\misc.c                    0x00000000   Number         0  misc.o ABSOLUTE
    ..\\Libraries\\stm32f4xx_adc.c           0x00000000   Number         0  stm32f4xx_adc.o ABSOLUTE
    ..\\Libraries\\stm32f4xx_can.c           0x00000000   Number         0  stm32f4xx_can.o ABSOLUTE
    ..\\Libraries\\stm32f4xx_dma.c           0x00000000   Number         0  stm32f4xx_dma.o ABSOLUTE
    ..\\Libraries\\stm32f4xx_exti.c          0x00000000   Number         0  stm32f4xx_exti.o ABSOLUTE
    ..\\Libraries\\stm32f4xx_gpio.c          0x00000000   Number         0  stm32f4xx_gpio.o ABSOLUTE
    ..\\Libraries\\stm32f4xx_iwdg.c          0x00000000   Number         0  stm32f4xx_iwdg.o ABSOLUTE
    ..\\Libraries\\stm32f4xx_rcc.c           0x00000000   Number         0  stm32f4xx_rcc.o ABSOLUTE
    ..\\Libraries\\stm32f4xx_syscfg.c        0x00000000   Number         0  stm32f4xx_syscfg.o ABSOLUTE
    ..\\Libraries\\stm32f4xx_tim.c           0x00000000   Number         0  stm32f4xx_tim.o ABSOLUTE
    ..\\Libraries\\stm32f4xx_usart.c         0x00000000   Number         0  stm32f4xx_usart.o ABSOLUTE
    ..\\Libraries\\stm32f4xx_wwdg.c          0x00000000   Number         0  stm32f4xx_wwdg.o ABSOLUTE
    ..\\Libraries\\system_stm32f4xx.c        0x00000000   Number         0  system_stm32f4xx.o ABSOLUTE
    ..\\Mylib\\bodanmotor.c                  0x00000000   Number         0  bodanmotor.o ABSOLUTE
    ..\\Mylib\\can1.c                        0x00000000   Number         0  can1.o ABSOLUTE
    ..\\Mylib\\can2.c                        0x00000000   Number         0  can2.o ABSOLUTE
    ..\\Mylib\\control.c                     0x00000000   Number         0  control.o ABSOLUTE
    ..\\Mylib\\delay.c                       0x00000000   Number         0  delay.o ABSOLUTE
    ..\\Mylib\\led.c                         0x00000000   Number         0  led.o ABSOLUTE
    ..\\Mylib\\move.c                        0x00000000   Number         0  move.o ABSOLUTE
    ..\\Mylib\\rubwheel.c                    0x00000000   Number         0  rubwheel.o ABSOLUTE
    ..\\Mylib\\usart1.c                      0x00000000   Number         0  usart1.o ABSOLUTE
    ..\\Mylib\\usart2.c                      0x00000000   Number         0  usart2.o ABSOLUTE
    ..\\Mylib\\usart3.c                      0x00000000   Number         0  usart3.o ABSOLUTE
    ..\\Mylib\\usart4.c                      0x00000000   Number         0  usart4.o ABSOLUTE
    ..\\User\\main.c                         0x00000000   Number         0  main.o ABSOLUTE
    ..\\User\\stm32f4xx_it.c                 0x00000000   Number         0  stm32f4xx_it.o ABSOLUTE
    dc.s                                     0x00000000   Number         0  dc.o ABSOLUTE
    handlers.s                               0x00000000   Number         0  handlers.o ABSOLUTE
    init.s                                   0x00000000   Number         0  init.o ABSOLUTE
    RESET                                    0x08000000   Section      392  startup_stm32f4xx.o(RESET)
    .ARM.Collect$$$$00000000                 0x08000188   Section        0  entry.o(.ARM.Collect$$$$00000000)
    .ARM.Collect$$$$00000001                 0x08000188   Section        4  entry2.o(.ARM.Collect$$$$00000001)
    .ARM.Collect$$$$00000004                 0x0800018c   Section        4  entry5.o(.ARM.Collect$$$$00000004)
    .ARM.Collect$$$$00000008                 0x08000190   Section        0  entry7b.o(.ARM.Collect$$$$00000008)
    .ARM.Collect$$$$0000000A                 0x08000190   Section        0  entry8b.o(.ARM.Collect$$$$0000000A)
    .ARM.Collect$$$$0000000B                 0x08000190   Section        8  entry9a.o(.ARM.Collect$$$$0000000B)
    .ARM.Collect$$$$0000000D                 0x08000198   Section        0  entry10a.o(.ARM.Collect$$$$0000000D)
    .ARM.Collect$$$$0000000F                 0x08000198   Section        0  entry11a.o(.ARM.Collect$$$$0000000F)
    .ARM.Collect$$$$00002712                 0x08000198   Section        4  entry2.o(.ARM.Collect$$$$00002712)
    __lit__00000000                          0x08000198   Data           4  entry2.o(.ARM.Collect$$$$00002712)
    .text                                    0x0800019c   Section        0  main.o(.text)
    .text                                    0x0800159c   Section        0  led.o(.text)
    .text                                    0x080015ec   Section        0  stm32f4xx_it.o(.text)
    .text                                    0x08001604   Section        0  delay.o(.text)
    .text                                    0x0800163c   Section        0  can2.o(.text)
    .text                                    0x08001920   Section        0  usart1.o(.text)
    .text                                    0x08001b8c   Section        0  usart2.o(.text)
    .text                                    0x08001da0   Section        0  usart3.o(.text)
    .text                                    0x080021ec   Section        0  usart4.o(.text)
    .text                                    0x0800245c   Section        0  bodanmotor.o(.text)
    .text                                    0x08002688   Section        0  move.o(.text)
    .text                                    0x080028bc   Section        0  control.o(.text)
    .text                                    0x08002a9c   Section        0  can1.o(.text)
    .text                                    0x08002c24   Section        0  rubwheel.o(.text)
    .text                                    0x08002cfc   Section        0  misc.o(.text)
    .text                                    0x08002ddc   Section        0  stm32f4xx_tim.o(.text)
    TI4_Config                               0x0800357b   Thumb Code    80  stm32f4xx_tim.o(.text)
    TI3_Config                               0x080035dd   Thumb Code    72  stm32f4xx_tim.o(.text)
    TI2_Config                               0x0800363f   Thumb Code    90  stm32f4xx_tim.o(.text)
    TI1_Config                               0x080036ab   Thumb Code    58  stm32f4xx_tim.o(.text)
    .text                                    0x08003a80   Section        0  stm32f4xx_rcc.o(.text)
    .text                                    0x08004008   Section        0  stm32f4xx_can.o(.text)
    CheckITStatus                            0x0800480b   Thumb Code    18  stm32f4xx_can.o(.text)
    .text                                    0x080049f8   Section        0  stm32f4xx_gpio.o(.text)
    .text                                    0x08004c54   Section        0  stm32f4xx_dma.o(.text)
    .text                                    0x08004ffc   Section        0  stm32f4xx_usart.o(.text)
    .text                                    0x08005418   Section        0  system_stm32f4xx.o(.text)
    SetSysClock                              0x08005419   Thumb Code   220  system_stm32f4xx.o(.text)
    .text                                    0x08005628   Section       36  startup_stm32f4xx.o(.text)
    $v0                                      0x08005628   Number         0  startup_stm32f4xx.o(.text)
    .text                                    0x0800564c   Section        0  dadd.o(.text)
    .text                                    0x0800579a   Section        0  dmul.o(.text)
    .text                                    0x0800587e   Section        0  ddiv.o(.text)
    .text                                    0x0800595c   Section        0  dflti.o(.text)
    .text                                    0x0800597e   Section        0  dfltui.o(.text)
    .text                                    0x08005998   Section        0  dfixi.o(.text)
    .text                                    0x080059d6   Section        0  f2d.o(.text)
    .text                                    0x080059fc   Section        0  d2f.o(.text)
    .text                                    0x08005a34   Section        0  llshl.o(.text)
    .text                                    0x08005a52   Section        0  llushr.o(.text)
    .text                                    0x08005a72   Section        0  llsshr.o(.text)
    .text                                    0x08005a96   Section        0  iusefp.o(.text)
    .text                                    0x08005a96   Section        0  fepilogue.o(.text)
    .text                                    0x08005b04   Section        0  depilogue.o(.text)
    .text                                    0x08005bc0   Section       36  init.o(.text)
    i.__scatterload_copy                     0x08005be4   Section       14  handlers.o(i.__scatterload_copy)
    i.__scatterload_null                     0x08005bf2   Section        2  handlers.o(i.__scatterload_null)
    i.__scatterload_zeroinit                 0x08005bf4   Section       14  handlers.o(i.__scatterload_zeroinit)
    .data                                    0x20000000   Section       68  main.o(.data)
    .data                                    0x20000044   Section       14  usart2.o(.data)
    .data                                    0x20000052   Section        7  usart3.o(.data)
    .data                                    0x2000005c   Section        4  bodanmotor.o(.data)
    .data                                    0x20000060   Section       16  stm32f4xx_rcc.o(.data)
    APBAHBPrescTable                         0x20000060   Data          16  stm32f4xx_rcc.o(.data)
    .data                                    0x20000070   Section       20  system_stm32f4xx.o(.data)
    .bss                                     0x20000084   Section      496  main.o(.bss)
    .bss                                     0x20000274   Section       32  can2.o(.bss)
    .bss                                     0x20000294   Section       48  usart1.o(.bss)
    .bss                                     0x200002c4   Section       40  usart3.o(.bss)
    .bss                                     0x200002ec   Section       52  usart4.o(.bss)
    STACK                                    0x20000320   Section     1024  startup_stm32f4xx.o(STACK)

    Global Symbols

    Symbol Name                              Value     Ov Type        Size  Object(Section)

    BuildAttributes$$THM_ISAv4$E$P$D$K$B$S$7EM$VFPi3$EXTD16$VFPS$VFMA$PE$A:L22UL41UL21$X:L11$S22US41US21$IEEE1$IW$USESV6$~STKCKD$USESV7$~SHL$OTIME$ROPI$EBA8$MICROLIB$REQ8$PRES8$EABIv2 0x00000000   Number         0  anon$$obj.o ABSOLUTE
    __ARM_use_no_argv                        0x00000000   Number         0  main.o ABSOLUTE
    __cpp_initialize__aeabi_                  - Undefined Weak Reference
    __cxa_finalize                            - Undefined Weak Reference
    __decompress                              - Undefined Weak Reference
    _clock_init                               - Undefined Weak Reference
    _microlib_exit                            - Undefined Weak Reference
    __Vectors_Size                           0x00000188   Number         0  startup_stm32f4xx.o ABSOLUTE
    __Vectors                                0x08000000   Data           4  startup_stm32f4xx.o(RESET)
    __Vectors_End                            0x08000188   Data           0  startup_stm32f4xx.o(RESET)
    __main                                   0x08000189   Thumb Code     0  entry.o(.ARM.Collect$$$$00000000)
    _main_stk                                0x08000189   Thumb Code     0  entry2.o(.ARM.Collect$$$$00000001)
    _main_scatterload                        0x0800018d   Thumb Code     0  entry5.o(.ARM.Collect$$$$00000004)
    __main_after_scatterload                 0x08000191   Thumb Code     0  entry5.o(.ARM.Collect$$$$00000004)
    _main_clock                              0x08000191   Thumb Code     0  entry7b.o(.ARM.Collect$$$$00000008)
    _main_cpp_init                           0x08000191   Thumb Code     0  entry8b.o(.ARM.Collect$$$$0000000A)
    _main_init                               0x08000191   Thumb Code     0  entry9a.o(.ARM.Collect$$$$0000000B)
    __rt_final_cpp                           0x08000199   Thumb Code     0  entry10a.o(.ARM.Collect$$$$0000000D)
    __rt_final_exit                          0x08000199   Thumb Code     0  entry11a.o(.ARM.Collect$$$$0000000F)
    SystemConfiguration                      0x0800019d   Thumb Code   120  main.o(.text)
    main                                     0x08000215   Thumb Code  2264  main.o(.text)
    SysTick_Handler                          0x08000aed   Thumb Code  2658  main.o(.text)
    LED_Configuration                        0x0800159d   Thumb Code    76  led.o(.text)
    NMI_Handler                              0x080015ed   Thumb Code     2  stm32f4xx_it.o(.text)
    HardFault_Handler                        0x080015ef   Thumb Code     4  stm32f4xx_it.o(.text)
    MemManage_Handler                        0x080015f3   Thumb Code     4  stm32f4xx_it.o(.text)
    BusFault_Handler                         0x080015f7   Thumb Code     4  stm32f4xx_it.o(.text)
    UsageFault_Handler                       0x080015fb   Thumb Code     4  stm32f4xx_it.o(.text)
    SVC_Handler                              0x080015ff   Thumb Code     2  stm32f4xx_it.o(.text)
    DebugMon_Handler                         0x08001601   Thumb Code     2  stm32f4xx_it.o(.text)
    PendSV_Handler                           0x08001603   Thumb Code     2  stm32f4xx_it.o(.text)
    delay_ms                                 0x08001605   Thumb Code    28  delay.o(.text)
    delay_us                                 0x08001621   Thumb Code    26  delay.o(.text)
    CAN2_Configuration                       0x0800163d   Thumb Code   240  can2.o(.text)
    CAN2MotorSpeedSet                        0x0800172d   Thumb Code   166  can2.o(.text)
    CAN2_RX0_IRQHandler                      0x080017d3   Thumb Code   318  can2.o(.text)
    USART1_Configuration                     0x08001921   Thumb Code   274  usart1.o(.text)
    RCInit                                   0x08001a33   Thumb Code    24  usart1.o(.text)
    DMA2_Stream2_IRQHandler                  0x08001a4b   Thumb Code   292  usart1.o(.text)
    USART2_Configuration                     0x08001b8d   Thumb Code   374  usart2.o(.text)
    DMA1_Stream5_IRQHandler                  0x08001d03   Thumb Code    90  usart2.o(.text)
    DMA1_Stream6_IRQHandler                  0x08001d5d   Thumb Code    30  usart2.o(.text)
    USART3_Configuration                     0x08001da1   Thumb Code   354  usart3.o(.text)
    AutoControlInit                          0x08001f03   Thumb Code    30  usart3.o(.text)
    DMA1_Stream1_IRQHandler                  0x08001f21   Thumb Code   618  usart3.o(.text)
    DMA1_Stream3_IRQHandler                  0x0800218b   Thumb Code    98  usart3.o(.text)
    UART4_Configuration                      0x080021ed   Thumb Code   278  usart4.o(.text)
    DMA1_Stream2_IRQHandler                  0x08002303   Thumb Code   298  usart4.o(.text)
    BODAN_Configuration                      0x0800245d   Thumb Code   412  bodanmotor.o(.text)
    TIM1_UP_TIM10_IRQHandler                 0x080025f9   Thumb Code    52  bodanmotor.o(.text)
    BodanMotorPos                            0x0800262d   Thumb Code     6  bodanmotor.o(.text)
    BodanMotorSpeed                          0x08002633   Thumb Code    62  bodanmotor.o(.text)
    offset_0                                 0x08002689   Thumb Code   126  move.o(.text)
    offset_1                                 0x08002707   Thumb Code   126  move.o(.text)
    offset_2                                 0x08002785   Thumb Code   126  move.o(.text)
    offset_3                                 0x08002803   Thumb Code   126  move.o(.text)
    MECANUM_MOVE                             0x08002881   Thumb Code    34  move.o(.text)
    PIDInit_Speed                            0x080028bd   Thumb Code    42  control.o(.text)
    PIDInit_Position                         0x080028e7   Thumb Code    42  control.o(.text)
    PIDInit_YawControl                       0x08002911   Thumb Code    42  control.o(.text)
    PIDInit_BodanMotor                       0x0800293b   Thumb Code    42  control.o(.text)
    PIDCalc                                  0x08002965   Thumb Code   168  control.o(.text)
    EncoderUpdate                            0x08002a0d   Thumb Code    60  control.o(.text)
    SWITCH_Configuration                     0x08002a49   Thumb Code    40  control.o(.text)
    CAN1_Configuration                       0x08002a9d   Thumb Code   214  can1.o(.text)
    CAN1SendMessage                          0x08002b73   Thumb Code    72  can1.o(.text)
    CAN1_RX0_IRQHandler                      0x08002bbb   Thumb Code    82  can1.o(.text)
    RubWheelPWMConfiguration                 0x08002c25   Thumb Code   206  rubwheel.o(.text)
    NVIC_PriorityGroupConfig                 0x08002cfd   Thumb Code    10  misc.o(.text)
    NVIC_Init                                0x08002d07   Thumb Code   106  misc.o(.text)
    NVIC_SetVectorTable                      0x08002d71   Thumb Code    14  misc.o(.text)
    NVIC_SystemLPConfig                      0x08002d7f   Thumb Code    34  misc.o(.text)
    SysTick_CLKSourceConfig                  0x08002da1   Thumb Code    40  misc.o(.text)
    TIM_DeInit                               0x08002ddd   Thumb Code   346  stm32f4xx_tim.o(.text)
    TIM_TimeBaseInit                         0x08002f37   Thumb Code   104  stm32f4xx_tim.o(.text)
    TIM_TimeBaseStructInit                   0x08002f9f   Thumb Code    18  stm32f4xx_tim.o(.text)
    TIM_PrescalerConfig                      0x08002fb1   Thumb Code     6  stm32f4xx_tim.o(.text)
    TIM_CounterModeConfig                    0x08002fb7   Thumb Code    18  stm32f4xx_tim.o(.text)
    TIM_SetCounter                           0x08002fc9   Thumb Code     4  stm32f4xx_tim.o(.text)
    TIM_SetAutoreload                        0x08002fcd   Thumb Code     4  stm32f4xx_tim.o(.text)
    TIM_GetCounter                           0x08002fd1   Thumb Code     6  stm32f4xx_tim.o(.text)
    TIM_GetPrescaler                         0x08002fd7   Thumb Code     6  stm32f4xx_tim.o(.text)
    TIM_UpdateDisableConfig                  0x08002fdd   Thumb Code    24  stm32f4xx_tim.o(.text)
    TIM_UpdateRequestConfig                  0x08002ff5   Thumb Code    24  stm32f4xx_tim.o(.text)
    TIM_ARRPreloadConfig                     0x0800300d   Thumb Code    24  stm32f4xx_tim.o(.text)
    TIM_SelectOnePulseMode                   0x08003025   Thumb Code    18  stm32f4xx_tim.o(.text)
    TIM_SetClockDivision                     0x08003037   Thumb Code    18  stm32f4xx_tim.o(.text)
    TIM_Cmd                                  0x08003049   Thumb Code    24  stm32f4xx_tim.o(.text)
    TIM_OC1Init                              0x08003061   Thumb Code   114  stm32f4xx_tim.o(.text)
    TIM_OC2Init                              0x080030d3   Thumb Code   154  stm32f4xx_tim.o(.text)
    TIM_OC3Init                              0x0800316d   Thumb Code   204  stm32f4xx_tim.o(.text)
    TIM_OC4Init                              0x08003239   Thumb Code   112  stm32f4xx_tim.o(.text)
    TIM_OCStructInit                         0x080032a9   Thumb Code    20  stm32f4xx_tim.o(.text)
    TIM_SelectOCxM                           0x080032bd   Thumb Code    86  stm32f4xx_tim.o(.text)
    TIM_SetCompare1                          0x08003313   Thumb Code     4  stm32f4xx_tim.o(.text)
    TIM_SetCompare2                          0x08003317   Thumb Code     4  stm32f4xx_tim.o(.text)
    TIM_SetCompare3                          0x0800331b   Thumb Code     4  stm32f4xx_tim.o(.text)
    TIM_SetCompare4                          0x0800331f   Thumb Code     4  stm32f4xx_tim.o(.text)
    TIM_ForcedOC1Config                      0x08003323   Thumb Code    18  stm32f4xx_tim.o(.text)
    TIM_ForcedOC2Config                      0x08003335   Thumb Code    26  stm32f4xx_tim.o(.text)
    TIM_ForcedOC3Config                      0x0800334f   Thumb Code    18  stm32f4xx_tim.o(.text)
    TIM_ForcedOC4Config                      0x08003361   Thumb Code    26  stm32f4xx_tim.o(.text)
    TIM_OC1PreloadConfig                     0x0800337b   Thumb Code    18  stm32f4xx_tim.o(.text)
    TIM_OC2PreloadConfig                     0x0800338d   Thumb Code    26  stm32f4xx_tim.o(.text)
    TIM_OC3PreloadConfig                     0x080033a7   Thumb Code    18  stm32f4xx_tim.o(.text)
    TIM_OC4PreloadConfig                     0x080033b9   Thumb Code    26  stm32f4xx_tim.o(.text)
    TIM_OC1FastConfig                        0x080033d3   Thumb Code    18  stm32f4xx_tim.o(.text)
    TIM_OC2FastConfig                        0x080033e5   Thumb Code    26  stm32f4xx_tim.o(.text)
    TIM_OC3FastConfig                        0x080033ff   Thumb Code    18  stm32f4xx_tim.o(.text)
    TIM_OC4FastConfig                        0x08003411   Thumb Code    26  stm32f4xx_tim.o(.text)
    TIM_ClearOC1Ref                          0x0800342b   Thumb Code    18  stm32f4xx_tim.o(.text)
    TIM_ClearOC2Ref                          0x0800343d   Thumb Code    24  stm32f4xx_tim.o(.text)
    TIM_ClearOC3Ref                          0x08003455   Thumb Code    18  stm32f4xx_tim.o(.text)
    TIM_ClearOC4Ref                          0x08003467   Thumb Code    24  stm32f4xx_tim.o(.text)
    TIM_OC1PolarityConfig                    0x0800347f   Thumb Code    18  stm32f4xx_tim.o(.text)
    TIM_OC1NPolarityConfig                   0x08003491   Thumb Code    18  stm32f4xx_tim.o(.text)
    TIM_OC2PolarityConfig                    0x080034a3   Thumb Code    26  stm32f4xx_tim.o(.text)
    TIM_OC2NPolarityConfig                   0x080034bd   Thumb Code    26  stm32f4xx_tim.o(.text)
    TIM_OC3PolarityConfig                    0x080034d7   Thumb Code    26  stm32f4xx_tim.o(.text)
    TIM_OC3NPolarityConfig                   0x080034f1   Thumb Code    26  stm32f4xx_tim.o(.text)
    TIM_OC4PolarityConfig                    0x0800350b   Thumb Code    26  stm32f4xx_tim.o(.text)
    TIM_CCxCmd                               0x08003525   Thumb Code    30  stm32f4xx_tim.o(.text)
    TIM_CCxNCmd                              0x08003543   Thumb Code    30  stm32f4xx_tim.o(.text)
    TIM_SetIC4Prescaler                      0x08003561   Thumb Code    26  stm32f4xx_tim.o(.text)
    TIM_SetIC3Prescaler                      0x080035cb   Thumb Code    18  stm32f4xx_tim.o(.text)
    TIM_SetIC2Prescaler                      0x08003625   Thumb Code    26  stm32f4xx_tim.o(.text)
    TIM_SetIC1Prescaler                      0x08003699   Thumb Code    18  stm32f4xx_tim.o(.text)
    TIM_ICInit                               0x080036e5   Thumb Code   110  stm32f4xx_tim.o(.text)
    TIM_ICStructInit                         0x08003753   Thumb Code    18  stm32f4xx_tim.o(.text)
    TIM_PWMIConfig                           0x08003765   Thumb Code   124  stm32f4xx_tim.o(.text)
    TIM_GetCapture1                          0x080037e1   Thumb Code     6  stm32f4xx_tim.o(.text)
    TIM_GetCapture2                          0x080037e7   Thumb Code     6  stm32f4xx_tim.o(.text)
    TIM_GetCapture3                          0x080037ed   Thumb Code     6  stm32f4xx_tim.o(.text)
    TIM_GetCapture4                          0x080037f3   Thumb Code     6  stm32f4xx_tim.o(.text)
    TIM_BDTRConfig                           0x080037f9   Thumb Code    32  stm32f4xx_tim.o(.text)
    TIM_BDTRStructInit                       0x08003819   Thumb Code    18  stm32f4xx_tim.o(.text)
    TIM_CtrlPWMOutputs                       0x0800382b   Thumb Code    30  stm32f4xx_tim.o(.text)
    TIM_SelectCOM                            0x08003849   Thumb Code    24  stm32f4xx_tim.o(.text)
    TIM_CCPreloadControl                     0x08003861   Thumb Code    24  stm32f4xx_tim.o(.text)
    TIM_ITConfig                             0x08003879   Thumb Code    18  stm32f4xx_tim.o(.text)
    TIM_GenerateEvent                        0x0800388b   Thumb Code     4  stm32f4xx_tim.o(.text)
    TIM_GetFlagStatus                        0x0800388f   Thumb Code    18  stm32f4xx_tim.o(.text)
    TIM_ClearFlag                            0x080038a1   Thumb Code     6  stm32f4xx_tim.o(.text)
    TIM_GetITStatus                          0x080038a7   Thumb Code    34  stm32f4xx_tim.o(.text)
    TIM_ClearITPendingBit                    0x080038c9   Thumb Code     6  stm32f4xx_tim.o(.text)
    TIM_DMAConfig                            0x080038cf   Thumb Code    10  stm32f4xx_tim.o(.text)
    TIM_DMACmd                               0x080038d9   Thumb Code    18  stm32f4xx_tim.o(.text)
    TIM_SelectCCDMA                          0x080038eb   Thumb Code    24  stm32f4xx_tim.o(.text)
    TIM_InternalClockConfig                  0x08003903   Thumb Code    12  stm32f4xx_tim.o(.text)
    TIM_SelectInputTrigger                   0x0800390f   Thumb Code    18  stm32f4xx_tim.o(.text)
    TIM_ITRxExternalClockConfig              0x08003921   Thumb Code    24  stm32f4xx_tim.o(.text)
    TIM_TIxExternalClockConfig               0x08003939   Thumb Code    62  stm32f4xx_tim.o(.text)
    TIM_ETRConfig                            0x08003977   Thumb Code    28  stm32f4xx_tim.o(.text)
    TIM_ETRClockMode1Config                  0x08003993   Thumb Code    54  stm32f4xx_tim.o(.text)
    TIM_ETRClockMode2Config                  0x080039c9   Thumb Code    32  stm32f4xx_tim.o(.text)
    TIM_SelectOutputTrigger                  0x080039e9   Thumb Code    18  stm32f4xx_tim.o(.text)
    TIM_SelectSlaveMode                      0x080039fb   Thumb Code    18  stm32f4xx_tim.o(.text)
    TIM_SelectMasterSlaveMode                0x08003a0d   Thumb Code    18  stm32f4xx_tim.o(.text)
    TIM_EncoderInterfaceConfig               0x08003a1f   Thumb Code    66  stm32f4xx_tim.o(.text)
    TIM_SelectHallSensor                     0x08003a61   Thumb Code    24  stm32f4xx_tim.o(.text)
    TIM_RemapConfig                          0x08003a79   Thumb Code     6  stm32f4xx_tim.o(.text)
    RCC_DeInit                               0x08003a81   Thumb Code    60  stm32f4xx_rcc.o(.text)
    RCC_HSEConfig                            0x08003abd   Thumb Code    14  stm32f4xx_rcc.o(.text)
    RCC_GetFlagStatus                        0x08003acb   Thumb Code    60  stm32f4xx_rcc.o(.text)
    RCC_WaitForHSEStartUp                    0x08003b07   Thumb Code    56  stm32f4xx_rcc.o(.text)
    RCC_AdjustHSICalibrationValue            0x08003b3f   Thumb Code    20  stm32f4xx_rcc.o(.text)
    RCC_HSICmd                               0x08003b53   Thumb Code     6  stm32f4xx_rcc.o(.text)
    RCC_LSEConfig                            0x08003b59   Thumb Code    46  stm32f4xx_rcc.o(.text)
    RCC_LSICmd                               0x08003b87   Thumb Code     6  stm32f4xx_rcc.o(.text)
    RCC_PLLConfig                            0x08003b8d   Thumb Code    32  stm32f4xx_rcc.o(.text)
    RCC_PLLCmd                               0x08003bad   Thumb Code     6  stm32f4xx_rcc.o(.text)
    RCC_PLLI2SConfig                         0x08003bb3   Thumb Code    14  stm32f4xx_rcc.o(.text)
    RCC_PLLI2SCmd                            0x08003bc1   Thumb Code     6  stm32f4xx_rcc.o(.text)
    RCC_ClockSecuritySystemCmd               0x08003bc7   Thumb Code     6  stm32f4xx_rcc.o(.text)
    RCC_MCO1Config                           0x08003bcd   Thumb Code    28  stm32f4xx_rcc.o(.text)
    RCC_MCO2Config                           0x08003be9   Thumb Code    28  stm32f4xx_rcc.o(.text)
    RCC_SYSCLKConfig                         0x08003c05   Thumb Code    20  stm32f4xx_rcc.o(.text)
    RCC_GetSYSCLKSource                      0x08003c19   Thumb Code    12  stm32f4xx_rcc.o(.text)
    RCC_HCLKConfig                           0x08003c25   Thumb Code    20  stm32f4xx_rcc.o(.text)
    RCC_PCLK1Config                          0x08003c39   Thumb Code    20  stm32f4xx_rcc.o(.text)
    RCC_PCLK2Config                          0x08003c4d   Thumb Code    22  stm32f4xx_rcc.o(.text)
    RCC_GetClocksFreq                        0x08003c63   Thumb Code   222  stm32f4xx_rcc.o(.text)
    RCC_RTCCLKConfig                         0x08003d41   Thumb Code    54  stm32f4xx_rcc.o(.text)
    RCC_RTCCLKCmd                            0x08003d77   Thumb Code     8  stm32f4xx_rcc.o(.text)
    RCC_BackupResetCmd                       0x08003d7f   Thumb Code     8  stm32f4xx_rcc.o(.text)
    RCC_I2SCLKConfig                         0x08003d87   Thumb Code     6  stm32f4xx_rcc.o(.text)
    RCC_AHB1PeriphClockCmd                   0x08003d8d   Thumb Code    34  stm32f4xx_rcc.o(.text)
    RCC_AHB2PeriphClockCmd                   0x08003daf   Thumb Code    34  stm32f4xx_rcc.o(.text)
    RCC_AHB3PeriphClockCmd                   0x08003dd1   Thumb Code    34  stm32f4xx_rcc.o(.text)
    RCC_APB1PeriphClockCmd                   0x08003df3   Thumb Code    34  stm32f4xx_rcc.o(.text)
    RCC_APB2PeriphClockCmd                   0x08003e15   Thumb Code    34  stm32f4xx_rcc.o(.text)
    RCC_AHB1PeriphResetCmd                   0x08003e37   Thumb Code    34  stm32f4xx_rcc.o(.text)
    RCC_AHB2PeriphResetCmd                   0x08003e59   Thumb Code    72  stm32f4xx_rcc.o(.text)
    RCC_AHB3PeriphResetCmd                   0x08003ea1   Thumb Code    34  stm32f4xx_rcc.o(.text)
    RCC_APB1PeriphResetCmd                   0x08003ec3   Thumb Code    34  stm32f4xx_rcc.o(.text)
    RCC_APB2PeriphResetCmd                   0x08003ee5   Thumb Code    34  stm32f4xx_rcc.o(.text)
    RCC_AHB1PeriphClockLPModeCmd             0x08003f07   Thumb Code    34  stm32f4xx_rcc.o(.text)
    RCC_AHB2PeriphClockLPModeCmd             0x08003f29   Thumb Code    34  stm32f4xx_rcc.o(.text)
    RCC_AHB3PeriphClockLPModeCmd             0x08003f4b   Thumb Code    34  stm32f4xx_rcc.o(.text)
    RCC_APB1PeriphClockLPModeCmd             0x08003f6d   Thumb Code    34  stm32f4xx_rcc.o(.text)
    RCC_APB2PeriphClockLPModeCmd             0x08003f8f   Thumb Code    34  stm32f4xx_rcc.o(.text)
    RCC_ITConfig                             0x08003fb1   Thumb Code    34  stm32f4xx_rcc.o(.text)
    RCC_ClearFlag                            0x08003fd3   Thumb Code    18  stm32f4xx_rcc.o(.text)
    RCC_GetITStatus                          0x08003fe5   Thumb Code    22  stm32f4xx_rcc.o(.text)
    RCC_ClearITPendingBit                    0x08003ffb   Thumb Code     8  stm32f4xx_rcc.o(.text)
    CAN_DeInit                               0x08004009   Thumb Code    50  stm32f4xx_can.o(.text)
    CAN_Init                                 0x0800403b   Thumb Code   276  stm32f4xx_can.o(.text)
    CAN_FilterInit                           0x0800414f   Thumb Code   258  stm32f4xx_can.o(.text)
    CAN_StructInit                           0x08004251   Thumb Code    32  stm32f4xx_can.o(.text)
    CAN_SlaveStartBank                       0x08004271   Thumb Code    48  stm32f4xx_can.o(.text)
    CAN_DBGFreeze                            0x080042a1   Thumb Code    22  stm32f4xx_can.o(.text)
    CAN_TTComModeCmd                         0x080042b7   Thumb Code   118  stm32f4xx_can.o(.text)
    CAN_Transmit                             0x0800432d   Thumb Code   304  stm32f4xx_can.o(.text)
    CAN_TransmitStatus                       0x0800445d   Thumb Code   138  stm32f4xx_can.o(.text)
    CAN_CancelTransmit                       0x080044e7   Thumb Code    48  stm32f4xx_can.o(.text)
    CAN_Receive                              0x08004517   Thumb Code   240  stm32f4xx_can.o(.text)
    CAN_FIFORelease                          0x08004607   Thumb Code    22  stm32f4xx_can.o(.text)
    CAN_MessagePending                       0x0800461d   Thumb Code    30  stm32f4xx_can.o(.text)
    CAN_OperatingModeRequest                 0x0800463b   Thumb Code   162  stm32f4xx_can.o(.text)
    CAN_Sleep                                0x080046dd   Thumb Code    30  stm32f4xx_can.o(.text)
    CAN_WakeUp                               0x080046fb   Thumb Code    48  stm32f4xx_can.o(.text)
    CAN_GetLastErrorCode                     0x0800472b   Thumb Code    12  stm32f4xx_can.o(.text)
    CAN_GetReceiveErrorCounter               0x08004737   Thumb Code    10  stm32f4xx_can.o(.text)
    CAN_GetLSBTransmitErrorCounter           0x08004741   Thumb Code    12  stm32f4xx_can.o(.text)
    CAN_ITConfig                             0x0800474d   Thumb Code    18  stm32f4xx_can.o(.text)
    CAN_GetFlagStatus                        0x0800475f   Thumb Code   120  stm32f4xx_can.o(.text)
    CAN_ClearFlag                            0x080047d7   Thumb Code    52  stm32f4xx_can.o(.text)
    CAN_GetITStatus                          0x0800481d   Thumb Code   310  stm32f4xx_can.o(.text)
    CAN_ClearITPendingBit                    0x08004953   Thumb Code   162  stm32f4xx_can.o(.text)
    GPIO_DeInit                              0x080049f9   Thumb Code   220  stm32f4xx_gpio.o(.text)
    GPIO_Init                                0x08004ad5   Thumb Code   144  stm32f4xx_gpio.o(.text)
    GPIO_StructInit                          0x08004b65   Thumb Code    18  stm32f4xx_gpio.o(.text)
    GPIO_PinLockConfig                       0x08004b77   Thumb Code    34  stm32f4xx_gpio.o(.text)
    GPIO_ReadInputDataBit                    0x08004b99   Thumb Code    18  stm32f4xx_gpio.o(.text)
    GPIO_ReadInputData                       0x08004bab   Thumb Code     8  stm32f4xx_gpio.o(.text)
    GPIO_ReadOutputDataBit                   0x08004bb3   Thumb Code    18  stm32f4xx_gpio.o(.text)
    GPIO_ReadOutputData                      0x08004bc5   Thumb Code     8  stm32f4xx_gpio.o(.text)
    GPIO_SetBits                             0x08004bcd   Thumb Code     4  stm32f4xx_gpio.o(.text)
    GPIO_ResetBits                           0x08004bd1   Thumb Code     4  stm32f4xx_gpio.o(.text)
    GPIO_WriteBit                            0x08004bd5   Thumb Code    10  stm32f4xx_gpio.o(.text)
    GPIO_Write                               0x08004bdf   Thumb Code     4  stm32f4xx_gpio.o(.text)
    GPIO_ToggleBits                          0x08004be3   Thumb Code     8  stm32f4xx_gpio.o(.text)
    GPIO_PinAFConfig                         0x08004beb   Thumb Code    70  stm32f4xx_gpio.o(.text)
    DMA_DeInit                               0x08004c55   Thumb Code   324  stm32f4xx_dma.o(.text)
    DMA_Init                                 0x08004d99   Thumb Code    82  stm32f4xx_dma.o(.text)
    DMA_StructInit                           0x08004deb   Thumb Code    34  stm32f4xx_dma.o(.text)
    DMA_Cmd                                  0x08004e0d   Thumb Code    22  stm32f4xx_dma.o(.text)
    DMA_PeriphIncOffsetSizeConfig            0x08004e23   Thumb Code    22  stm32f4xx_dma.o(.text)
    DMA_FlowControllerConfig                 0x08004e39   Thumb Code    22  stm32f4xx_dma.o(.text)
    DMA_SetCurrDataCounter                   0x08004e4f   Thumb Code     4  stm32f4xx_dma.o(.text)
    DMA_GetCurrDataCounter                   0x08004e53   Thumb Code     8  stm32f4xx_dma.o(.text)
    DMA_DoubleBufferModeConfig               0x08004e5b   Thumb Code    24  stm32f4xx_dma.o(.text)
    DMA_DoubleBufferModeCmd                  0x08004e73   Thumb Code    22  stm32f4xx_dma.o(.text)
    DMA_MemoryTargetConfig                   0x08004e89   Thumb Code    10  stm32f4xx_dma.o(.text)
    DMA_GetCurrentMemoryTarget               0x08004e93   Thumb Code    20  stm32f4xx_dma.o(.text)
    DMA_GetCmdStatus                         0x08004ea7   Thumb Code    20  stm32f4xx_dma.o(.text)
    DMA_GetFIFOStatus                        0x08004ebb   Thumb Code    12  stm32f4xx_dma.o(.text)
    DMA_GetFlagStatus                        0x08004ec7   Thumb Code    56  stm32f4xx_dma.o(.text)
    DMA_ClearFlag                            0x08004eff   Thumb Code    40  stm32f4xx_dma.o(.text)
    DMA_ITConfig                             0x08004f27   Thumb Code    58  stm32f4xx_dma.o(.text)
    DMA_GetITStatus                          0x08004f61   Thumb Code    84  stm32f4xx_dma.o(.text)
    DMA_ClearITPendingBit                    0x08004fb5   Thumb Code    40  stm32f4xx_dma.o(.text)
    USART_DeInit                             0x08004ffd   Thumb Code   156  stm32f4xx_usart.o(.text)
    USART_Init                               0x08005099   Thumb Code   204  stm32f4xx_usart.o(.text)
    USART_StructInit                         0x08005165   Thumb Code    24  stm32f4xx_usart.o(.text)
    USART_ClockInit                          0x0800517d   Thumb Code    32  stm32f4xx_usart.o(.text)
    USART_ClockStructInit                    0x0800519d   Thumb Code    12  stm32f4xx_usart.o(.text)
    USART_Cmd                                0x080051a9   Thumb Code    24  stm32f4xx_usart.o(.text)
    USART_SetPrescaler                       0x080051c1   Thumb Code    16  stm32f4xx_usart.o(.text)
    USART_OverSampling8Cmd                   0x080051d1   Thumb Code    22  stm32f4xx_usart.o(.text)
    USART_OneBitMethodCmd                    0x080051e7   Thumb Code    24  stm32f4xx_usart.o(.text)
    USART_SendData                           0x080051ff   Thumb Code     8  stm32f4xx_usart.o(.text)
    USART_ReceiveData                        0x08005207   Thumb Code    10  stm32f4xx_usart.o(.text)
    USART_SetAddress                         0x08005211   Thumb Code    18  stm32f4xx_usart.o(.text)
    USART_ReceiverWakeUpCmd                  0x08005223   Thumb Code    24  stm32f4xx_usart.o(.text)
    USART_WakeUpConfig                       0x0800523b   Thumb Code    18  stm32f4xx_usart.o(.text)
    USART_LINBreakDetectLengthConfig         0x0800524d   Thumb Code    18  stm32f4xx_usart.o(.text)
    USART_LINCmd                             0x0800525f   Thumb Code    24  stm32f4xx_usart.o(.text)
    USART_SendBreak                          0x08005277   Thumb Code    10  stm32f4xx_usart.o(.text)
    USART_HalfDuplexCmd                      0x08005281   Thumb Code    24  stm32f4xx_usart.o(.text)
    USART_SetGuardTime                       0x08005299   Thumb Code    16  stm32f4xx_usart.o(.text)
    USART_SmartCardCmd                       0x080052a9   Thumb Code    24  stm32f4xx_usart.o(.text)
    USART_SmartCardNACKCmd                   0x080052c1   Thumb Code    24  stm32f4xx_usart.o(.text)
    USART_IrDAConfig                         0x080052d9   Thumb Code    18  stm32f4xx_usart.o(.text)
    USART_IrDACmd                            0x080052eb   Thumb Code    24  stm32f4xx_usart.o(.text)
    USART_DMACmd                             0x08005303   Thumb Code    18  stm32f4xx_usart.o(.text)
    USART_ITConfig                           0x08005315   Thumb Code    74  stm32f4xx_usart.o(.text)
    USART_GetFlagStatus                      0x0800535f   Thumb Code    26  stm32f4xx_usart.o(.text)
    USART_ClearFlag                          0x08005379   Thumb Code    18  stm32f4xx_usart.o(.text)
    USART_GetITStatus                        0x0800538b   Thumb Code   110  stm32f4xx_usart.o(.text)
    USART_ClearITPendingBit                  0x080053f9   Thumb Code    30  stm32f4xx_usart.o(.text)
    SystemInit                               0x080054f5   Thumb Code    88  system_stm32f4xx.o(.text)
    SystemCoreClockUpdate                    0x0800554d   Thumb Code   174  system_stm32f4xx.o(.text)
    Reset_Handler                            0x08005629   Thumb Code     8  startup_stm32f4xx.o(.text)
    ADC_IRQHandler                           0x08005643   Thumb Code     0  startup_stm32f4xx.o(.text)
    CAN1_RX1_IRQHandler                      0x08005643   Thumb Code     0  startup_stm32f4xx.o(.text)
    CAN1_SCE_IRQHandler                      0x08005643   Thumb Code     0  startup_stm32f4xx.o(.text)
    CAN1_TX_IRQHandler                       0x08005643   Thumb Code     0  startup_stm32f4xx.o(.text)
    CAN2_RX1_IRQHandler                      0x08005643   Thumb Code     0  startup_stm32f4xx.o(.text)
    CAN2_SCE_IRQHandler                      0x08005643   Thumb Code     0  startup_stm32f4xx.o(.text)
    CAN2_TX_IRQHandler                       0x08005643   Thumb Code     0  startup_stm32f4xx.o(.text)
    CRYP_IRQHandler                          0x08005643   Thumb Code     0  startup_stm32f4xx.o(.text)
    DCMI_IRQHandler                          0x08005643   Thumb Code     0  startup_stm32f4xx.o(.text)
    DMA1_Stream0_IRQHandler                  0x08005643   Thumb Code     0  startup_stm32f4xx.o(.text)
    DMA1_Stream4_IRQHandler                  0x08005643   Thumb Code     0  startup_stm32f4xx.o(.text)
    DMA1_Stream7_IRQHandler                  0x08005643   Thumb Code     0  startup_stm32f4xx.o(.text)
    DMA2_Stream0_IRQHandler                  0x08005643   Thumb Code     0  startup_stm32f4xx.o(.text)
    DMA2_Stream1_IRQHandler                  0x08005643   Thumb Code     0  startup_stm32f4xx.o(.text)
    DMA2_Stream3_IRQHandler                  0x08005643   Thumb Code     0  startup_stm32f4xx.o(.text)
    DMA2_Stream4_IRQHandler                  0x08005643   Thumb Code     0  startup_stm32f4xx.o(.text)
    DMA2_Stream5_IRQHandler                  0x08005643   Thumb Code     0  startup_stm32f4xx.o(.text)
    DMA2_Stream6_IRQHandler                  0x08005643   Thumb Code     0  startup_stm32f4xx.o(.text)
    DMA2_Stream7_IRQHandler                  0x08005643   Thumb Code     0  startup_stm32f4xx.o(.text)
    ETH_IRQHandler                           0x08005643   Thumb Code     0  startup_stm32f4xx.o(.text)
    ETH_WKUP_IRQHandler                      0x08005643   Thumb Code     0  startup_stm32f4xx.o(.text)
    EXTI0_IRQHandler                         0x08005643   Thumb Code     0  startup_stm32f4xx.o(.text)
    EXTI15_10_IRQHandler                     0x08005643   Thumb Code     0  startup_stm32f4xx.o(.text)
    EXTI1_IRQHandler                         0x08005643   Thumb Code     0  startup_stm32f4xx.o(.text)
    EXTI2_IRQHandler                         0x08005643   Thumb Code     0  startup_stm32f4xx.o(.text)
    EXTI3_IRQHandler                         0x08005643   Thumb Code     0  startup_stm32f4xx.o(.text)
    EXTI4_IRQHandler                         0x08005643   Thumb Code     0  startup_stm32f4xx.o(.text)
    EXTI9_5_IRQHandler                       0x08005643   Thumb Code     0  startup_stm32f4xx.o(.text)
    FLASH_IRQHandler                         0x08005643   Thumb Code     0  startup_stm32f4xx.o(.text)
    FPU_IRQHandler                           0x08005643   Thumb Code     0  startup_stm32f4xx.o(.text)
    FSMC_IRQHandler                          0x08005643   Thumb Code     0  startup_stm32f4xx.o(.text)
    HASH_RNG_IRQHandler                      0x08005643   Thumb Code     0  startup_stm32f4xx.o(.text)
    I2C1_ER_IRQHandler                       0x08005643   Thumb Code     0  startup_stm32f4xx.o(.text)
    I2C1_EV_IRQHandler                       0x08005643   Thumb Code     0  startup_stm32f4xx.o(.text)
    I2C2_ER_IRQHandler                       0x08005643   Thumb Code     0  startup_stm32f4xx.o(.text)
    I2C2_EV_IRQHandler                       0x08005643   Thumb Code     0  startup_stm32f4xx.o(.text)
    I2C3_ER_IRQHandler                       0x08005643   Thumb Code     0  startup_stm32f4xx.o(.text)
    I2C3_EV_IRQHandler                       0x08005643   Thumb Code     0  startup_stm32f4xx.o(.text)
    OTG_FS_IRQHandler                        0x08005643   Thumb Code     0  startup_stm32f4xx.o(.text)
    OTG_FS_WKUP_IRQHandler                   0x08005643   Thumb Code     0  startup_stm32f4xx.o(.text)
    OTG_HS_EP1_IN_IRQHandler                 0x08005643   Thumb Code     0  startup_stm32f4xx.o(.text)
    OTG_HS_EP1_OUT_IRQHandler                0x08005643   Thumb Code     0  startup_stm32f4xx.o(.text)
    OTG_HS_IRQHandler                        0x08005643   Thumb Code     0  startup_stm32f4xx.o(.text)
    OTG_HS_WKUP_IRQHandler                   0x08005643   Thumb Code     0  startup_stm32f4xx.o(.text)
    PVD_IRQHandler                           0x08005643   Thumb Code     0  startup_stm32f4xx.o(.text)
    RCC_IRQHandler                           0x08005643   Thumb Code     0  startup_stm32f4xx.o(.text)
    RTC_Alarm_IRQHandler                     0x08005643   Thumb Code     0  startup_stm32f4xx.o(.text)
    RTC_WKUP_IRQHandler                      0x08005643   Thumb Code     0  startup_stm32f4xx.o(.text)
    SDIO_IRQHandler                          0x08005643   Thumb Code     0  startup_stm32f4xx.o(.text)
    SPI1_IRQHandler                          0x08005643   Thumb Code     0  startup_stm32f4xx.o(.text)
    SPI2_IRQHandler                          0x08005643   Thumb Code     0  startup_stm32f4xx.o(.text)
    SPI3_IRQHandler                          0x08005643   Thumb Code     0  startup_stm32f4xx.o(.text)
    TAMP_STAMP_IRQHandler                    0x08005643   Thumb Code     0  startup_stm32f4xx.o(.text)
    TIM1_BRK_TIM9_IRQHandler                 0x08005643   Thumb Code     0  startup_stm32f4xx.o(.text)
    TIM1_CC_IRQHandler                       0x08005643   Thumb Code     0  startup_stm32f4xx.o(.text)
    TIM1_TRG_COM_TIM11_IRQHandler            0x08005643   Thumb Code     0  startup_stm32f4xx.o(.text)
    TIM2_IRQHandler                          0x08005643   Thumb Code     0  startup_stm32f4xx.o(.text)
    TIM3_IRQHandler                          0x08005643   Thumb Code     0  startup_stm32f4xx.o(.text)
    TIM4_IRQHandler                          0x08005643   Thumb Code     0  startup_stm32f4xx.o(.text)
    TIM5_IRQHandler                          0x08005643   Thumb Code     0  startup_stm32f4xx.o(.text)
    TIM6_DAC_IRQHandler                      0x08005643   Thumb Code     0  startup_stm32f4xx.o(.text)
    TIM7_IRQHandler                          0x08005643   Thumb Code     0  startup_stm32f4xx.o(.text)
    TIM8_BRK_TIM12_IRQHandler                0x08005643   Thumb Code     0  startup_stm32f4xx.o(.text)
    TIM8_CC_IRQHandler                       0x08005643   Thumb Code     0  startup_stm32f4xx.o(.text)
    TIM8_TRG_COM_TIM14_IRQHandler            0x08005643   Thumb Code     0  startup_stm32f4xx.o(.text)
    TIM8_UP_TIM13_IRQHandler                 0x08005643   Thumb Code     0  startup_stm32f4xx.o(.text)
    UART4_IRQHandler                         0x08005643   Thumb Code     0  startup_stm32f4xx.o(.text)
    UART5_IRQHandler                         0x08005643   Thumb Code     0  startup_stm32f4xx.o(.text)
    USART1_IRQHandler                        0x08005643   Thumb Code     0  startup_stm32f4xx.o(.text)
    USART2_IRQHandler                        0x08005643   Thumb Code     0  startup_stm32f4xx.o(.text)
    USART3_IRQHandler                        0x08005643   Thumb Code     0  startup_stm32f4xx.o(.text)
    USART6_IRQHandler                        0x08005643   Thumb Code     0  startup_stm32f4xx.o(.text)
    WWDG_IRQHandler                          0x08005643   Thumb Code     0  startup_stm32f4xx.o(.text)
    __aeabi_dadd                             0x0800564d   Thumb Code   322  dadd.o(.text)
    __aeabi_dsub                             0x0800578f   Thumb Code     6  dadd.o(.text)
    __aeabi_drsub                            0x08005795   Thumb Code     6  dadd.o(.text)
    __aeabi_dmul                             0x0800579b   Thumb Code   228  dmul.o(.text)
    __aeabi_ddiv                             0x0800587f   Thumb Code   222  ddiv.o(.text)
    __aeabi_i2d                              0x0800595d   Thumb Code    34  dflti.o(.text)
    __aeabi_ui2d                             0x0800597f   Thumb Code    26  dfltui.o(.text)
    __aeabi_d2iz                             0x08005999   Thumb Code    62  dfixi.o(.text)
    __aeabi_f2d                              0x080059d7   Thumb Code    38  f2d.o(.text)
    __aeabi_d2f                              0x080059fd   Thumb Code    56  d2f.o(.text)
    __aeabi_llsl                             0x08005a35   Thumb Code    30  llshl.o(.text)
    _ll_shift_l                              0x08005a35   Thumb Code     0  llshl.o(.text)
    __aeabi_llsr                             0x08005a53   Thumb Code    32  llushr.o(.text)
    _ll_ushift_r                             0x08005a53   Thumb Code     0  llushr.o(.text)
    __aeabi_lasr                             0x08005a73   Thumb Code    36  llsshr.o(.text)
    _ll_sshift_r                             0x08005a73   Thumb Code     0  llsshr.o(.text)
    __I$use$fp                               0x08005a97   Thumb Code     0  iusefp.o(.text)
    _float_round                             0x08005a97   Thumb Code    18  fepilogue.o(.text)
    _float_epilogue                          0x08005aa9   Thumb Code    92  fepilogue.o(.text)
    _double_round                            0x08005b05   Thumb Code    30  depilogue.o(.text)
    _double_epilogue                         0x08005b23   Thumb Code   156  depilogue.o(.text)
    __scatterload                            0x08005bc1   Thumb Code    28  init.o(.text)
    __scatterload_rt2                        0x08005bc1   Thumb Code     0  init.o(.text)
    __scatterload_copy                       0x08005be5   Thumb Code    14  handlers.o(i.__scatterload_copy)
    __scatterload_null                       0x08005bf3   Thumb Code     2  handlers.o(i.__scatterload_null)
    __scatterload_zeroinit                   0x08005bf5   Thumb Code    14  handlers.o(i.__scatterload_zeroinit)
    Region$$Table$$Base                      0x08005c04   Number         0  anon$$obj.o(Region$$Table)
    Region$$Table$$Limit                     0x08005c24   Number         0  anon$$obj.o(Region$$Table)
    ms10                                     0x20000000   Data           4  main.o(.data)
    ms50                                     0x20000004   Data           4  main.o(.data)
    ms500                                    0x20000008   Data           4  main.o(.data)
    CountForPC                               0x2000000c   Data           4  main.o(.data)
    CountForSystick                          0x20000010   Data           4  main.o(.data)
    CountForStatus                           0x20000014   Data           4  main.o(.data)
    CountForAction                           0x20000018   Data           4  main.o(.data)
    CountForWall                             0x2000001c   Data           4  main.o(.data)
    Pos1                                     0x20000020   Data           4  main.o(.data)
    Pos2                                     0x20000024   Data           4  main.o(.data)
    PosLast1                                 0x20000028   Data           4  main.o(.data)
    PosLast2                                 0x2000002c   Data           4  main.o(.data)
    YawOffset                                0x20000030   Data           4  main.o(.data)
    test1                                    0x20000034   Data           4  main.o(.data)
    test2                                    0x20000038   Data           4  main.o(.data)
    test3                                    0x2000003c   Data           4  main.o(.data)
    test4                                    0x20000040   Data           4  main.o(.data)
    RZigBee                                  0x20000044   Data           7  usart2.o(.data)
    TZigBee                                  0x2000004b   Data           7  usart2.o(.data)
    TB                                       0x20000052   Data           7  usart3.o(.data)
    motor_circle                             0x2000005c   Data           4  bodanmotor.o(.data)
    SystemCoreClock                          0x20000070   Data           4  system_stm32f4xx.o(.data)
    AHBPrescTable                            0x20000074   Data          16  system_stm32f4xx.o(.data)
    PID_Speed                                0x20000084   Data         160  main.o(.bss)
    PID_Position                             0x20000124   Data         160  main.o(.bss)
    PID_YawControl                           0x200001c4   Data          40  main.o(.bss)
    PID_BodanMotor                           0x200001ec   Data          40  main.o(.bss)
    ENCODER_CAN                              0x20000214   Data          64  main.o(.bss)
    SpeedSet                                 0x20000254   Data          16  main.o(.bss)
    SpeedSend                                0x20000264   Data          16  main.o(.bss)
    HG900MotorData                           0x20000274   Data          32  can2.o(.bss)
    RC_Ctl                                   0x20000294   Data          30  usart1.o(.bss)
    sbus_rx_buffer                           0x200002b2   Data          18  usart1.o(.bss)
    RB                                       0x200002c4   Data          16  usart3.o(.bss)
    AutoControl                              0x200002d4   Data          24  usart3.o(.bss)
    GYRO_buffer                              0x200002ec   Data          11  usart4.o(.bss)
    gyro                                     0x200002f8   Data          40  usart4.o(.bss)
    __initial_sp                             0x20000720   Data           0  startup_stm32f4xx.o(STACK)



==============================================================================

Memory Map of the image

  Image Entry point : 0x08000189

  Load Region LR_IROM1 (Base: 0x08000000, Size: 0x00005ca8, Max: 0x00100000, ABSOLUTE)

    Execution Region ER_IROM1 (Base: 0x08000000, Size: 0x00005c24, Max: 0x00100000, ABSOLUTE)

    Base Addr    Size         Type   Attr      Idx    E Section Name        Object

    0x08000000   0x00000188   Data   RO          764    RESET               startup_stm32f4xx.o
    0x08000188   0x00000000   Code   RO          817  * .ARM.Collect$$$$00000000  mc_w.l(entry.o)
    0x08000188   0x00000004   Code   RO          836    .ARM.Collect$$$$00000001  mc_w.l(entry2.o)
    0x0800018c   0x00000004   Code   RO          839    .ARM.Collect$$$$00000004  mc_w.l(entry5.o)
    0x08000190   0x00000000   Code   RO          841    .ARM.Collect$$$$00000008  mc_w.l(entry7b.o)
    0x08000190   0x00000000   Code   RO          843    .ARM.Collect$$$$0000000A  mc_w.l(entry8b.o)
    0x08000190   0x00000008   Code   RO          844    .ARM.Collect$$$$0000000B  mc_w.l(entry9a.o)
    0x08000198   0x00000000   Code   RO          846    .ARM.Collect$$$$0000000D  mc_w.l(entry10a.o)
    0x08000198   0x00000000   Code   RO          848    .ARM.Collect$$$$0000000F  mc_w.l(entry11a.o)
    0x08000198   0x00000004   Code   RO          837    .ARM.Collect$$$$00002712  mc_w.l(entry2.o)
    0x0800019c   0x00001400   Code   RO            4    .text               main.o
    0x0800159c   0x00000050   Code   RO          151    .text               led.o
    0x080015ec   0x00000018   Code   RO          179    .text               stm32f4xx_it.o
    0x08001604   0x00000036   Code   RO          206    .text               delay.o
    0x0800163a   0x00000002   PAD
    0x0800163c   0x000002e4   Code   RO          230    .text               can2.o
    0x08001920   0x0000026c   Code   RO          257    .text               usart1.o
    0x08001b8c   0x00000214   Code   RO          284    .text               usart2.o
    0x08001da0   0x0000044c   Code   RO          312    .text               usart3.o
    0x080021ec   0x00000270   Code   RO          341    .text               usart4.o
    0x0800245c   0x0000022c   Code   RO          368    .text               bodanmotor.o
    0x08002688   0x00000234   Code   RO          395    .text               move.o
    0x080028bc   0x000001e0   Code   RO          420    .text               control.o
    0x08002a9c   0x00000188   Code   RO          444    .text               can1.o
    0x08002c24   0x000000d8   Code   RO          469    .text               rubwheel.o
    0x08002cfc   0x000000e0   Code   RO          493    .text               misc.o
    0x08002ddc   0x00000ca2   Code   RO          517    .text               stm32f4xx_tim.o
    0x08003a7e   0x00000002   PAD
    0x08003a80   0x00000588   Code   RO          565    .text               stm32f4xx_rcc.o
    0x08004008   0x000009f0   Code   RO          591    .text               stm32f4xx_can.o
    0x080049f8   0x0000025c   Code   RO          639    .text               stm32f4xx_gpio.o
    0x08004c54   0x000003a8   Code   RO          663    .text               stm32f4xx_dma.o
    0x08004ffc   0x0000041a   Code   RO          687    .text               stm32f4xx_usart.o
    0x08005416   0x00000002   PAD
    0x08005418   0x00000210   Code   RO          735    .text               system_stm32f4xx.o
    0x08005628   0x00000024   Code   RO          765    .text               startup_stm32f4xx.o
    0x0800564c   0x0000014e   Code   RO          820    .text               mf_w.l(dadd.o)
    0x0800579a   0x000000e4   Code   RO          822    .text               mf_w.l(dmul.o)
    0x0800587e   0x000000de   Code   RO          824    .text               mf_w.l(ddiv.o)
    0x0800595c   0x00000022   Code   RO          826    .text               mf_w.l(dflti.o)
    0x0800597e   0x0000001a   Code   RO          828    .text               mf_w.l(dfltui.o)
    0x08005998   0x0000003e   Code   RO          830    .text               mf_w.l(dfixi.o)
    0x080059d6   0x00000026   Code   RO          832    .text               mf_w.l(f2d.o)
    0x080059fc   0x00000038   Code   RO          834    .text               mf_w.l(d2f.o)
    0x08005a34   0x0000001e   Code   RO          850    .text               mc_w.l(llshl.o)
    0x08005a52   0x00000020   Code   RO          852    .text               mc_w.l(llushr.o)
    0x08005a72   0x00000024   Code   RO          854    .text               mc_w.l(llsshr.o)
    0x08005a96   0x00000000   Code   RO          856    .text               mc_w.l(iusefp.o)
    0x08005a96   0x0000006e   Code   RO          857    .text               mf_w.l(fepilogue.o)
    0x08005b04   0x000000ba   Code   RO          859    .text               mf_w.l(depilogue.o)
    0x08005bbe   0x00000002   PAD
    0x08005bc0   0x00000024   Code   RO          861    .text               mc_w.l(init.o)
    0x08005be4   0x0000000e   Code   RO          865    i.__scatterload_copy  mc_w.l(handlers.o)
    0x08005bf2   0x00000002   Code   RO          866    i.__scatterload_null  mc_w.l(handlers.o)
    0x08005bf4   0x0000000e   Code   RO          867    i.__scatterload_zeroinit  mc_w.l(handlers.o)
    0x08005c02   0x00000002   PAD
    0x08005c04   0x00000020   Data   RO          863    Region$$Table       anon$$obj.o


    Execution Region RW_IRAM1 (Base: 0x20000000, Size: 0x00000720, Max: 0x00020000, ABSOLUTE)

    Base Addr    Size         Type   Attr      Idx    E Section Name        Object

    0x20000000   0x00000044   Data   RW            6    .data               main.o
    0x20000044   0x0000000e   Data   RW          285    .data               usart2.o
    0x20000052   0x00000007   Data   RW          314    .data               usart3.o
    0x20000059   0x00000003   PAD
    0x2000005c   0x00000004   Data   RW          369    .data               bodanmotor.o
    0x20000060   0x00000010   Data   RW          566    .data               stm32f4xx_rcc.o
    0x20000070   0x00000014   Data   RW          736    .data               system_stm32f4xx.o
    0x20000084   0x000001f0   Zero   RW            5    .bss                main.o
    0x20000274   0x00000020   Zero   RW          231    .bss                can2.o
    0x20000294   0x00000030   Zero   RW          258    .bss                usart1.o
    0x200002c4   0x00000028   Zero   RW          313    .bss                usart3.o
    0x200002ec   0x00000034   Zero   RW          342    .bss                usart4.o
    0x20000320   0x00000400   Zero   RW          762    STACK               startup_stm32f4xx.o


==============================================================================

Image component sizes


      Code (inc. data)   RO Data    RW Data    ZI Data      Debug   Object Name

       556         24          0          4          0       1852   bodanmotor.o
       392         24          0          0          0       1365   can1.o
       740         16          0          0         32       2204   can2.o
       480         44          0          0          0       2354   control.o
        54          0          0          0          0        868   delay.o
        80          4          0          0          0        600   led.o
      5120        396          0         68        496     318316   main.o
       224         20          0          0          0       1965   misc.o
       564         26          0          0          0       2040   move.o
       216         10          0          0          0        763   rubwheel.o
        36          8        392          0       1024        876   startup_stm32f4xx.o
      2544         38          0          0          0       8316   stm32f4xx_can.o
       936         32          0          0          0       6541   stm32f4xx_dma.o
       604         36          0          0          0       4277   stm32f4xx_gpio.o
        24          0          0          0          0       1218   stm32f4xx_it.o
      1416         48          0         16          0      11267   stm32f4xx_rcc.o
      3234         60          0          0          0      23164   stm32f4xx_tim.o
      1050         26          0          0          0       8008   stm32f4xx_usart.o
       528         46          0         20          0       2071   system_stm32f4xx.o
       620         30          0          0         48       1926   usart1.o
       532         38          0         14          0       1994   usart2.o
      1100         60          0          7         40       2438   usart3.o
       624         48          0          0         52       1725   usart4.o

    ----------------------------------------------------------------------
     21680       1034        424        132       1692     406148   Object Totals
         0          0         32          0          0          0   (incl. Generated)
         6          0          0          3          0          0   (incl. Padding)

    ----------------------------------------------------------------------

      Code (inc. data)   RO Data    RW Data    ZI Data      Debug   Library Member Name

         0          0          0          0          0          0   entry.o
         0          0          0          0          0          0   entry10a.o
         0          0          0          0          0          0   entry11a.o
         8          4          0          0          0          0   entry2.o
         4          0          0          0          0          0   entry5.o
         0          0          0          0          0          0   entry7b.o
         0          0          0          0          0          0   entry8b.o
         8          4          0          0          0          0   entry9a.o
        30          0          0          0          0          0   handlers.o
        36          8          0          0          0         68   init.o
         0          0          0          0          0          0   iusefp.o
        30          0          0          0          0         68   llshl.o
        36          0          0          0          0         68   llsshr.o
        32          0          0          0          0         68   llushr.o
        56          0          0          0          0         88   d2f.o
       334          0          0          0          0        148   dadd.o
       222          0          0          0          0        100   ddiv.o
       186          0          0          0          0        176   depilogue.o
        62          0          0          0          0         80   dfixi.o
        34          0          0          0          0         76   dflti.o
        26          0          0          0          0         76   dfltui.o
       228          0          0          0          0         96   dmul.o
        38          0          0          0          0         68   f2d.o
       110          0          0          0          0        168   fepilogue.o

    ----------------------------------------------------------------------
      1484         16          0          0          0       1348   Library Totals
         4          0          0          0          0          0   (incl. Padding)

    ----------------------------------------------------------------------

      Code (inc. data)   RO Data    RW Data    ZI Data      Debug   Library Name

       184         16          0          0          0        272   mc_w.l
      1296          0          0          0          0       1076   mf_w.l

    ----------------------------------------------------------------------
      1484         16          0          0          0       1348   Library Totals

    ----------------------------------------------------------------------

==============================================================================


      Code (inc. data)   RO Data    RW Data    ZI Data      Debug   

     23164       1050        424        132       1692     403028   Grand Totals
     23164       1050        424        132       1692     403028   ELF Image Totals
     23164       1050        424        132          0          0   ROM Totals

==============================================================================

    Total RO  Size (Code + RO Data)                23588 (  23.04kB)
    Total RW  Size (RW Data + ZI Data)              1824 (   1.78kB)
    Total ROM Size (Code + RO Data + RW Data)      23720 (  23.16kB)

==============================================================================

