<html>
<body>
<pre>
<h1>礦ision Build Log</h1>
<h2>Project:</h2>
E:\文档\Robomaster\报名通过发布1\RM开源资料\电控开源\电机驱动\RoboMasters_Motor_Driver_硬件初始化程序\Project\STM32F103C.uvproj
Project File Date:  01/13/2015

<h2>Output:</h2>
compiling main.c...
..\User\main.c(20): warning:  #1-D: last line of file ends without a newline
..\User\main.c:   }
..\User\main.c:    ^
..\User\main.c: ..\User\main.c: 1 warning, 0 errors
..\User\main.c - 0 Error(s), 1 Warning(s).
Build target 'STM32F103C8T6'
compiling main.c...
linking...
Program Size: Code=1540 RO-data=252 RW-data=0 ZI-data=1024  
".\Objects\STM32F103C.axf" - 0 Error(s), 0 Warning(s).
Load "E:\\文档\\Robomaster\\报名通过发布1\\RM开源资料\\电控开源\\电机驱动\\RoboMasters_Motor_Driver_硬件初始化程序\\Project\\Objects\\STM32F103C.AXF" 
Load "E:\\文档\\Robomaster\\报名通过发布1\\RM开源资料\\电控开源\\电机驱动\\RoboMasters_Motor_Driver_硬件初始化程序\\Project\\Objects\\STM32F103C.AXF" 
Load "E:\\文档\\Robomaster\\报名通过发布1\\RM开源资料\\电控开源\\电机驱动\\RoboMasters_Motor_Driver_硬件初始化程序\\Project\\Objects\\STM32F103C.AXF" 
Load "E:\\文档\\Robomaster\\报名通过发布1\\RM开源资料\\电控开源\\电机驱动\\RoboMasters_Motor_Driver_硬件初始化程序\\Project\\Objects\\STM32F103C.AXF" 
Build target 'STM32F103C8T6'
compiling main.c...
linking...
Program Size: Code=1544 RO-data=252 RW-data=0 ZI-data=1024  
".\Objects\STM32F103C.axf" - 0 Error(s), 0 Warning(s).
