Component: ARM Compiler 5.06 update 4 (build 422) Tool: armlink [4d35d2]

==============================================================================

Section Cross References

    main.o(i.main) refers to kos.o(i.KOS_Boot) for KOS_Boot
    main.o(i.main) refers to snd.o(i.Snd_Play) for Snd_Play
    main.o(i.main) refers to delay.o(i.Delay_Ms) for Delay_Ms
    main.o(i.main) refers to snd.o(i.Snd_Stop) for Snd_Stop
    main.o(i.main) refers to motor.o(i.CM_Cmd) for CM_Cmd
    kos.o(i.KOS_Boot) refers to app.o(i.App_Init) for App_Init
    kos.o(i.KOS_Boot) refers to sch.o(i.Sch_Init) for Sch_Init
    kos.o(i.KOS_Boot) refers to bsp.o(i.Bsp_Config) for Bsp_Config
    kos.o(i.KOS_Boot) refers to act.o(i.Act_Init) for Act_Init
    kos.o(i.KOS_Boot) refers to tim.o(i.Tim_Start) for Tim_Start
    kos.o(i.KOS_Stop) refers to sch.o(i.Sch_Dismiss) for Sch_Dismiss
    kos.o(i.KOS_Stop) refers to act.o(i.Act_Init) for Act_Init
    kos.o(i.KOS_Stop) refers to app.o(i.App_Proc) for App_Proc
    kos.o(i.KOS_Stop) refers to snd.o(i.Snd_Proc) for Snd_Proc
    sch.o(i.Sch_Arrange) refers to sch.o(i.getSchTask) for getSchTask
    sch.o(i.Sch_Arrange) refers to sch.o(i.newSchTask) for newSchTask
    sch.o(i.Sch_Arrange) refers to sch.o(.data) for .data
    sch.o(i.Sch_Dismiss) refers to sch.o(i.getSchTask) for getSchTask
    sch.o(i.Sch_Dismiss) refers to malloc.o(i.free) for free
    sch.o(i.Sch_Dismiss) refers to sch.o(.data) for .data
    sch.o(i.Sch_Init) refers to sch.o(.data) for .data
    sch.o(i.Sch_Proc) refers to sch.o(.data) for .data
    sch.o(i.getSchTask) refers to sch.o(.data) for .data
    sch.o(i.newSchTask) refers to malloc.o(i.malloc) for malloc
    sch.o(i.newSchTask) refers to memseta.o(.text) for __aeabi_memclr4
    act.o(i.Act_Init) refers to motor.o(i.CM_Cmd) for CM_Cmd
    act.o(i.Act_Init) refers to motor.o(i.GM_Cmd) for GM_Cmd
    act.o(i.Act_Proc) refers to motor.o(i.CM_Cmd) for CM_Cmd
    act.o(i.Act_Proc) refers to motor.o(i.GM_Cmd) for GM_Cmd
    act.o(i.Act_Proc) refers to ctl.o(.bss) for ctl
    app.o(i.App_Init) refers to ios.o(i.Ios_Init) for Ios_Init
    app.o(i.App_Init) refers to cfg.o(i.Cfg_Init) for Cfg_Init
    app.o(i.App_Init) refers to clk.o(i.Clk_Init) for Clk_Init
    app.o(i.App_Init) refers to mec.o(i.Mec_Init) for Mec_Init
    app.o(i.App_Init) refers to can.o(i.Can_Init) for Can_Init
    app.o(i.App_Init) refers to odo.o(i.Odo_Init) for Odo_Init
    app.o(i.App_Init) refers to cmd.o(i.Cmd_Init) for Cmd_Init
    app.o(i.App_Init) refers to ctl.o(i.Ctl_Init) for Ctl_Init
    app.o(i.App_Init) refers to upl.o(i.Upl_Init) for Upl_Init
    app.o(i.App_Init) refers to dnl.o(i.Dnl_Init) for Dnl_Init
    app.o(i.App_Init) refers to com.o(i.Com_Init) for Com_Init
    app.o(i.App_Init) refers to dci.o(i.Dci_Init) for Dci_Init
    app.o(i.App_Init) refers to cal.o(i.Cal_Init) for Cal_Init
    app.o(i.App_Init) refers to pwr.o(i.Pwr_Init) for Pwr_Init
    app.o(i.App_Init) refers to srs.o(i.Srs_Init) for Srs_Init
    app.o(i.App_Init) refers to snd.o(i.Snd_Init) for Snd_Init
    app.o(i.App_Init) refers to wdg.o(i.Wdg_Init) for Wdg_Init
    app.o(i.App_Init) refers to ini.o(i.Ini_Init) for Ini_Init
    app.o(i.App_Init) refers to wsm.o(i.Wsm_Init) for Wsm_Init
    app.o(i.App_Init) refers to upd.o(i.Upd_Init) for Upd_Init
    app.o(i.App_Proc) refers to wdg.o(i.Wdg_Proc) for Wdg_Proc
    app.o(i.App_Proc) refers to ini.o(i.Ini_Proc) for Ini_Proc
    app.o(i.App_Proc) refers to wsm.o(i.Wsm_Proc) for Wsm_Proc
    app.o(i.App_Proc) refers to upd.o(i.Upd_Proc) for Upd_Proc
    cal.o(i.Cal_ClrFlag) refers to cal.o(.data) for .data
    cal.o(i.Cal_GetFlag) refers to cal.o(.data) for .data
    cal.o(i.Cal_HasFlag) refers to cal.o(.data) for .data
    cal.o(i.Cal_HitFlag) refers to cal.o(.data) for .data
    cal.o(i.Cal_Init) refers to maf.o(i.Maf_Init) for Maf_Init
    cal.o(i.Cal_Init) refers to cal.o(.data) for .data
    cal.o(i.Cal_Init) refers to cal.o(.bss) for .bss
    cal.o(i.Cal_IsDone) refers to cal.o(.data) for .data
    cal.o(i.Cal_Proc) refers to cal.o(i.Cal_ProcGim) for Cal_ProcGim
    cal.o(i.Cal_ProcGim) refers to cal.o(i.Cal_ProcGpe) for Cal_ProcGpe
    cal.o(i.Cal_ProcGim) refers to fun.o(i.map) for map
    cal.o(i.Cal_ProcGim) refers to cal.o(i.Cal_SetFlag) for Cal_SetFlag
    cal.o(i.Cal_ProcGim) refers to cal.o(.data) for .data
    cal.o(i.Cal_ProcGim) refers to cfg.o(.data) for cfg
    cal.o(i.Cal_ProcGpe) refers to stm32f4xx_gpio.o(i.GPIO_ReadInputDataBit) for GPIO_ReadInputDataBit
    cal.o(i.Cal_ProcGpe) refers to motor.o(i.GM_Cmd) for GM_Cmd
    cal.o(i.Cal_ProcGpe) refers to maf.o(i.Maf_Proc) for Maf_Proc
    cal.o(i.Cal_ProcGpe) refers to cal.o(i.Cal_SetGpel) for Cal_SetGpel
    cal.o(i.Cal_ProcGpe) refers to cal.o(i.Cal_SetGpeh) for Cal_SetGpeh
    cal.o(i.Cal_ProcGpe) refers to cal.o(.data) for .data
    cal.o(i.Cal_ProcGpe) refers to odo.o(.bss) for odo
    cal.o(i.Cal_ProcGpe) refers to cal.o(.bss) for .bss
[...]
    i.GM_Cmd                                 0x080016f8   Section        0  motor.o(i.GM_Cmd)
    i.GPIO_Af                                0x08001740   Section        0  stm32util.o(i.GPIO_Af)
    i.GPIO_Config                            0x08001768   Section        0  stm32util.o(i.GPIO_Config)
    i.GPIO_In                                0x08001880   Section        0  stm32util.o(i.GPIO_In)
    i.GPIO_Init                              0x08001890   Section        0  stm32f4xx_gpio.o(i.GPIO_Init)
    i.GPIO_Out                               0x08001932   Section        0  stm32util.o(i.GPIO_Out)
    i.GPIO_PinAFConfig                       0x08001944   Section        0  stm32f4xx_gpio.o(i.GPIO_PinAFConfig)
    i.GPIO_ResetBits                         0x08001964   Section        0  stm32f4xx_gpio.o(i.GPIO_ResetBits)
    i.GPIO_SetBits                           0x08001968   Section        0  stm32f4xx_gpio.o(i.GPIO_SetBits)
    i.GetChassisStateRef                     0x0800196c   Section        0  hci.o(i.GetChassisStateRef)
    GetChassisStateRef                       0x0800196d   Thumb Code   224  hci.o(i.GetChassisStateRef)
    i.GetChassisStateRef                     0x08001a64   Section        0  rci.o(i.GetChassisStateRef)
    GetChassisStateRef                       0x08001a65   Thumb Code   176  rci.o(i.GetChassisStateRef)
    i.GetGrabberStateRef                     0x08001b28   Section        0  hci.o(i.GetGrabberStateRef)
    GetGrabberStateRef                       0x08001b29   Thumb Code   234  hci.o(i.GetGrabberStateRef)
    i.GetGrabberStateRef                     0x08001c28   Section        0  rci.o(i.GetGrabberStateRef)
    GetGrabberStateRef                       0x08001c29   Thumb Code   214  rci.o(i.GetGrabberStateRef)
    i.Gpl_Init                               0x08001d18   Section        0  ctl.o(i.Gpl_Init)
    Gpl_Init                                 0x08001d19   Thumb Code    94  ctl.o(i.Gpl_Init)
    i.Gvl_Init                               0x08001d7c   Section        0  ctl.o(i.Gvl_Init)
    Gvl_Init                                 0x08001d7d   Thumb Code    94  ctl.o(i.Gvl_Init)
    i.HardFault_Handler                      0x08001de0   Section        0  stm32f4xx_it.o(i.HardFault_Handler)
    i.Hcf_Init                               0x08001de4   Section        0  hcf.o(i.Hcf_Init)
    i.Hcf_Proc                               0x08001e0a   Section        0  hcf.o(i.Hcf_Proc)
    i.Hci_Init                               0x08001e4c   Section        0  hci.o(i.Hci_Init)
    i.Hci_MouseBtn                           0x08001e80   Section        0  hci.o(i.Hci_MouseBtn)
    i.Hci_PreProc                            0x08001e90   Section        0  hci.o(i.Hci_PreProc)
    i.Hci_Proc                               0x08001e9c   Section        0  hci.o(i.Hci_Proc)
    i.Hcp_Dec                                0x08001eb4   Section        0  hcp.o(i.Hcp_Dec)
    i.Hcp_Init                               0x08001ed2   Section        0  hcp.o(i.Hcp_Init)
    i.Ini_Init                               0x08001ef0   Section        0  ini.o(i.Ini_Init)
    i.Ios_GetCh                              0x08001efc   Section        0  ios.o(i.Ios_GetCh)
    i.Ios_Init                               0x08001f00   Section        0  ios.o(i.Ios_Init)
    i.Ios_PutCh                              0x08001f1c   Section        0  ios.o(i.Ios_PutCh)
    i.Ios_SetIn                              0x08001f30   Section        0  ios.o(i.Ios_SetIn)
    i.Ios_SetOut                             0x08001f40   Section        0  ios.o(i.Ios_SetOut)
    i.KOS_Boot                               0x08001f50   Section        0  kos.o(i.KOS_Boot)
    i.Key_Config                             0x08001f6c   Section        0  key.o(i.Key_Config)
    i.Led_Config                             0x08001f98   Section        0  led.o(i.Led_Config)
    i.Maf_Init                               0x08001fc8   Section        0  maf.o(i.Maf_Init)
    i.Maf_Proc                               0x08001fd0   Section        0  maf.o(i.Maf_Proc)
    i.Maf_Reset                              0x08002014   Section        0  maf.o(i.Maf_Reset)
    i.Mec_Init                               0x08002044   Section        0  mec.o(i.Mec_Init)
    i.Mecanum_Config                         0x08002074   Section        0  mecanum.o(i.Mecanum_Config)
    i.MemManage_Handler                      0x0800209e   Section        0  stm32f4xx_it.o(i.MemManage_Handler)
    i.Motor_Process                          0x080020a0   Section        0  can.o(i.Motor_Process)
    i.Motor_Reset                            0x080021e0   Section        0  can.o(i.Motor_Reset)
    i.NMI_Handler                            0x080021e6   Section        0  stm32f4xx_it.o(i.NMI_Handler)
    i.NVIC_Config                            0x080021e8   Section        0  stm32util.o(i.NVIC_Config)
    i.NVIC_Init                              0x08002204   Section        0  misc.o(i.NVIC_Init)
    i.NVIC_PriorityGroupConfig               0x08002268   Section        0  misc.o(i.NVIC_PriorityGroupConfig)
    i.Odo_Init                               0x0800227c   Section        0  odo.o(i.Odo_Init)
    i.PID_Config                             0x0800229c   Section        0  pid.o(i.PID_Config)
    i.PID_Reset                              0x080022a4   Section        0  pid.o(i.PID_Reset)
    i.PWM_Bind                               0x080022c8   Section        0  stm32util.o(i.PWM_Bind)
    i.PendSV_Handler                         0x0800380c   Section        0  stm32f4xx_it.o(i.PendSV_Handler)
    i.Pwm_Config                             0x08003810   Section        0  pwm.o(i.Pwm_Config)
    i.Pwr_Init                               0x0800385c   Section        0  pwr.o(i.Pwr_Init)
    i.RCC_AHB1PeriphClockCmd                 0x080038ac   Section        0  stm32f4xx_rcc.o(i.RCC_AHB1PeriphClockCmd)
    i.RCC_APB1PeriphClockCmd                 0x080038c4   Section        0  stm32f4xx_rcc.o(i.RCC_APB1PeriphClockCmd)
    i.RCC_APB2PeriphClockCmd                 0x080038dc   Section        0  stm32f4xx_rcc.o(i.RCC_APB2PeriphClockCmd)
    i.RCC_GetClocksFreq                      0x080038f4   Section        0  stm32f4xx_rcc.o(i.RCC_GetClocksFreq)
    i.Rcf_Init                               0x08003988   Section        0  rcf.o(i.Rcf_Init)
    i.Rcf_Proc                               0x080039b0   Section        0  rcf.o(i.Rcf_Proc)
    i.Rci_Init                               0x080039f0   Section        0  rci.o(i.Rci_Init)
    i.Rci_PreProc                            0x080039fc   Section        0  rci.o(i.Rci_PreProc)
    i.Rci_Proc                               0x08003a08   Section        0  rci.o(i.Rci_Proc)
    i.Rci_Sw                                 0x08003a1c   Section        0  rci.o(i.Rci_Sw)
    i.Rcp_Dec                                0x08003a2c   Section        0  rcp.o(i.Rcp_Dec)
    i.Rcp_Init                               0x08003a7c   Section        0  rcp.o(i.Rcp_Init)
    i.RcvCallback                            0x08003aa2   Section        0  rcv_srv.o(i.RcvCallback)
    i.Rcv_Config                             0x08003aa8   Section        0  rcv.o(i.Rcv_Config)
    i.Rcv_Proc                               0x08003b3c   Section        0  dci.o(i.Rcv_Proc)
    i.Rmp_Config                             0x08003b5c   Section        0  rmp.o(i.Rmp_Config)
    i.Rmp_Reset                              0x08003b60   Section        0  rmp.o(i.Rmp_Reset)
    i.SPI_Bind                               0x08003b74   Section        0  stm32util.o(i.SPI_Bind)
    i.SPI_Cmd                                0x0800454c   Section        0  stm32f4xx_spi.o(i.SPI_Cmd)
    i.SPI_Config                             0x08004560   Section        0  stm32util.o(i.SPI_Config)
    i.SPI_Init                               0x08004620   Section        0  stm32f4xx_spi.o(i.SPI_Init)
    i.SR04Callback                           0x08004658   Section        0  ext_srv.o(i.SR04Callback)
    i.SR04_Bind                              0x0800465c   Section        0  sr04.o(i.SR04_Bind)
    i.SR04_Config                            0x0800467c   Section        0  sr04.o(i.SR04_Config)
    i.SR04_IRQHandler                        0x08004698   Section        0  sr04.o(i.SR04_IRQHandler)
    SR04_IRQHandler                          0x08004699   Thumb Code    94  sr04.o(i.SR04_IRQHandler)
    i.SVC_Handler                            0x08004700   Section        0  stm32f4xx_it.o(i.SVC_Handler)
    i.SYSCFG_EXTILineConfig                  0x08004704   Section        0  stm32f4xx_syscfg.o(i.SYSCFG_EXTILineConfig)
    i.Sch_Init                               0x08004734   Section        0  sch.o(i.Sch_Init)
    i.Sch_Proc                               0x0800474c   Section        0  sch.o(i.Sch_Proc)
    i.SetSysClock                            0x0800477c   Section        0  system_stm32f4xx.o(i.SetSysClock)
    SetSysClock                              0x0800477d   Thumb Code   190  system_stm32f4xx.o(i.SetSysClock)
    i.Snd_Init                               0x0800484c   Section        0  snd.o(i.Snd_Init)
    i.Snd_Play                               0x0800485c   Section        0  snd.o(i.Snd_Play)
    i.Snd_Stop                               0x08004868   Section        0  snd.o(i.Snd_Stop)
    i.Spi5_Config                            0x08004874   Section        0  spi5.o(i.Spi5_Config)
    i.Sr04_Proc                              0x080048c8   Section        0  srs.o(i.Sr04_Proc)
    i.Srs_Init                               0x08004970   Section        0  srs.o(i.Srs_Init)
    i.SyncTimCallback                        0x080049bc   Section        0  tim_srv.o(i.SyncTimCallback)
    i.SyncTim_Config                         0x080049c0   Section        0  tim.o(i.SyncTim_Config)
    i.SyncTim_Start                          0x080049ec   Section        0  tim.o(i.SyncTim_Start)
    i.SystemInit                             0x08004a14   Section        0  system_stm32f4xx.o(i.SystemInit)
    i.TIM2_IRQHandler                        0x08004a70   Section        0  tim.o(i.TIM2_IRQHandler)
    i.TIM6_DAC_IRQHandler                    0x08004a9c   Section        0  tim.o(i.TIM6_DAC_IRQHandler)
    i.TIM_ARRPreloadConfig                   0x08004acc   Section        0  stm32f4xx_tim.o(i.TIM_ARRPreloadConfig)
    i.TIM_ClearFlag                          0x08004ae0   Section        0  stm32f4xx_tim.o(i.TIM_ClearFlag)
    i.TIM_ClearITPendingBit                  0x08004ae6   Section        0  stm32f4xx_tim.o(i.TIM_ClearITPendingBit)
    i.TIM_Cmd                                0x08004aec   Section        0  stm32f4xx_tim.o(i.TIM_Cmd)
    i.TIM_Config                             0x08004b00   Section        0  stm32util.o(i.TIM_Config)
    i.TIM_GetITStatus                        0x08004c44   Section        0  stm32f4xx_tim.o(i.TIM_GetITStatus)
    i.TIM_ITConfig                           0x08004c5c   Section        0  stm32f4xx_tim.o(i.TIM_ITConfig)
    i.TIM_OC1Init                            0x08004c6c   Section        0  stm32f4xx_tim.o(i.TIM_OC1Init)
    i.TIM_OC1PreloadConfig                   0x08004ccc   Section        0  stm32f4xx_tim.o(i.TIM_OC1PreloadConfig)
    i.TIM_OC2Init                            0x08004cd8   Section        0  stm32f4xx_tim.o(i.TIM_OC2Init)
    i.TIM_OC2PreloadConfig                   0x08004d58   Section        0  stm32f4xx_tim.o(i.TIM_OC2PreloadConfig)
    i.TIM_OC3Init                            0x08004d6c   Section        0  stm32f4xx_tim.o(i.TIM_OC3Init)
    i.TIM_OC3PreloadConfig                   0x08004de8   Section        0  stm32f4xx_tim.o(i.TIM_OC3PreloadConfig)
    i.TIM_OC4Init                            0x08004df4   Section        0  stm32f4xx_tim.o(i.TIM_OC4Init)
    i.TIM_OC4PreloadConfig                   0x08004e54   Section        0  stm32f4xx_tim.o(i.TIM_OC4PreloadConfig)
    i.TIM_OC_Config                          0x08004e68   Section        0  stm32util.o(i.TIM_OC_Config)
    i.TIM_TimeBaseInit                       0x08004eec   Section        0  stm32f4xx_tim.o(i.TIM_TimeBaseInit)
    i.TickTimCallback                        0x08004f68   Section        0  tim_srv.o(i.TickTimCallback)
    i.TickTim_Config                         0x08004f6a   Section        0  tim.o(i.TickTim_Config)
    i.TickTim_Start                          0x08004f98   Section        0  tim.o(i.TickTim_Start)
    i.Tim_Config                             0x08004fba   Section        0  tim.o(i.Tim_Config)
    i.Tim_Start                              0x08004fc8   Section        0  tim.o(i.Tim_Start)
    i.TtyRxCallback                          0x08004fd6   Section        0  com_srv.o(i.TtyRxCallback)
    i.Tty_Config                             0x08004fdc   Section        0  tty.o(i.Tty_Config)
    i.Tty_Proc                               0x0800504c   Section        0  com.o(i.Tty_Proc)
    i.USART1_IRQHandler                      0x08005054   Section        0  rcv.o(i.USART1_IRQHandler)
    i.USART2_IRQHandler                      0x080050c8   Section        0  btm.o(i.USART2_IRQHandler)
    i.USART3_IRQHandler                      0x08005160   Section        0  dbi.o(i.USART3_IRQHandler)
    i.USART6_IRQHandler                      0x080051f8   Section        0  tty.o(i.USART6_IRQHandler)
    i.USART_Bind                             0x08005290   Section        0  stm32util.o(i.USART_Bind)
    i.USART_Cmd                              0x08006070   Section        0  stm32f4xx_usart.o(i.USART_Cmd)
    i.USART_Config                           0x08006084   Section        0  stm32util.o(i.USART_Config)
    i.USART_DMACmd                           0x08006214   Section        0  stm32f4xx_usart.o(i.USART_DMACmd)
    i.USART_GetITStatus                      0x08006224   Section        0  stm32f4xx_usart.o(i.USART_GetITStatus)
    i.USART_ITConfig                         0x08006262   Section        0  stm32f4xx_usart.o(i.USART_ITConfig)
    i.USART_Init                             0x08006294   Section        0  stm32f4xx_usart.o(i.USART_Init)
    i.USART_ReceiveData                      0x08006340   Section        0  stm32f4xx_usart.o(i.USART_ReceiveData)
    i.USART_SendData                         0x08006348   Section        0  stm32f4xx_usart.o(i.USART_SendData)
    i.Upd_Init                               0x08006350   Section        0  upd.o(i.Upd_Init)
    i.Upl_Init                               0x08006388   Section        0  upl.o(i.Upl_Init)
    i.UsageFault_Handler                     0x0800639c   Section        0  stm32f4xx_it.o(i.UsageFault_Handler)
    i.Wdg_Feed                               0x080063a0   Section        0  wdg.o(i.Wdg_Feed)
    i.Wdg_Init                               0x080063b0   Section        0  wdg.o(i.Wdg_Init)
    i.Wsm_Init                               0x080063dc   Section        0  wsm.o(i.Wsm_Init)
    i.ZGyro_Process                          0x080063ec   Section        0  can.o(i.ZGyro_Process)
    i.ZGyro_Reset                            0x08006478   Section        0  can.o(i.ZGyro_Reset)
    i.__scatterload_copy                     0x0800647e   Section       14  handlers.o(i.__scatterload_copy)
    i.__scatterload_null                     0x0800648c   Section        2  handlers.o(i.__scatterload_null)
    i.__scatterload_zeroinit                 0x0800648e   Section       14  handlers.o(i.__scatterload_zeroinit)
    i.constrain                              0x0800649c   Section        0  fun.o(i.constrain)
    i.main                                   0x080064bc   Section        0  main.o(i.main)
    i.map                                    0x080064ec   Section        0  fun.o(i.map)
    .constdata                               0x08006524   Section      486  cfg.o(.constdata)
    .constdata                               0x0800670c   Section       88  wdg.o(.constdata)
    CNT                                      0x0800670c   Data          88  wdg.o(.constdata)
    .constdata                               0x08006764   Section       32  sr04.o(.constdata)
    .data                                    0x20000000   Section       12  sch.o(.data)
    tick                                     0x20000000   Data           4  sch.o(.data)
    first                                    0x20000004   Data           4  sch.o(.data)
    last                                     0x20000008   Data           4  sch.o(.data)
    .data                                    0x2000000c   Section        8  cal.o(.data)
    calFlag                                  0x2000000c   Data           4  cal.o(.data)
    gm_startup_delay_cnt                     0x20000010   Data           4  cal.o(.data)
    .data                                    0x20000014   Section      243  cfg.o(.data)
    .data                                    0x20000108   Section       20  clk.o(.data)
    us_tick                                  0x20000108   Data           4  clk.o(.data)
    us_temp                                  0x2000010c   Data           4  clk.o(.data)
    ms_tick                                  0x20000110   Data           4  clk.o(.data)
    ms_temp                                  0x20000114   Data           4  clk.o(.data)
    sc_tick                                  0x20000118   Data           4  clk.o(.data)
    .data                                    0x2000011c   Section        4  ini.o(.data)
    iniFlag                                  0x2000011c   Data           4  ini.o(.data)
    .data                                    0x20000120   Section        8  ios.o(.data)
    .data                                    0x20000128   Section        4  odo.o(.data)
    odo_gp_c                                 0x20000128   Data           4  odo.o(.data)
    .data                                    0x2000012c   Section        4  pwr.o(.data)
    pwrOLFlag                                0x2000012c   Data           4  pwr.o(.data)
    .data                                    0x20000130   Section       12  snd.o(.data)
    state                                    0x20000130   Data           1  snd.o(.data)
    index                                    0x20000134   Data           4  snd.o(.data)
    lastSingTick                             0x20000138   Data           4  snd.o(.data)
    .data                                    0x2000013c   Section        4  srs.o(.data)
    sri                                      0x2000013c   Data           4  srs.o(.data)
    .data                                    0x20000140   Section       92  wdg.o(.data)
    err                                      0x20000140   Data           4  wdg.o(.data)
    cnt                                      0x20000144   Data          88  wdg.o(.data)
    .data                                    0x2000019c   Section        2  wsm.o(.data)
    workingState                             0x2000019c   Data           1  wsm.o(.data)
    lastWorkingState                         0x2000019d   Data           1  wsm.o(.data)
    .data                                    0x2000019e   Section       16  stm32f4xx_rcc.o(.data)
    APBAHBPrescTable                         0x2000019e   Data          16  stm32f4xx_rcc.o(.data)
    .bss                                     0x200001b0   Section       28  cal.o(.bss)
    maf                                      0x200001b0   Data          16  cal.o(.bss)
    buf                                      0x200001c0   Data          12  cal.o(.bss)
    .bss                                     0x200001cc   Section      716  can.o(.bss)
    .bss                                     0x20000498   Section       76  cmd.o(.bss)
    .bss                                     0x200004e4   Section      568  ctl.o(.bss)
    .bss                                     0x2000071c   Section       22  dci.o(.bss)
    .bss                                     0x20000734   Section      632  dnl.o(.bss)
    kylinMsg                                 0x20000734   Data          28  dnl.o(.bss)
    vrc                                      0x20000750   Data          10  dnl.o(.bss)
    vhc                                      0x2000075a   Data          16  dnl.o(.bss)
    vdbus                                    0x2000076a   Data          22  dnl.o(.bss)
    cbus                                     0x20000780   Data          24  dnl.o(.bss)
    buf                                      0x20000798   Data         512  dnl.o(.bss)
    fifo                                     0x20000998   Data          20  dnl.o(.bss)
    .bss                                     0x200009ac   Section      240  hci.o(.bss)
    hcf                                      0x200009ac   Data          16  hci.o(.bss)
    maf                                      0x200009bc   Data          64  hci.o(.bss)
    buf                                      0x200009fc   Data         160  hci.o(.bss)
    .bss                                     0x20000a9c   Section       20  mec.o(.bss)
    mecanum                                  0x20000a9c   Data          20  mec.o(.bss)
    .bss                                     0x20000ab0   Section      100  odo.o(.bss)
    .bss                                     0x20000b14   Section      672  pwr.o(.bss)
    maf                                      0x20000b14   Data         192  pwr.o(.bss)
    buf                                      0x20000bd4   Data         480  pwr.o(.bss)
    .bss                                     0x20000db4   Section       16  rci.o(.bss)
    rcf                                      0x20000db4   Data          16  rci.o(.bss)
    .bss                                     0x20000dc4   Section      352  srs.o(.bss)
    .bss                                     0x20000f24   Section      604  upl.o(.bss)
    buf                                      0x20000f24   Data         512  upl.o(.bss)
    fifo                                     0x20001124   Data          20  upl.o(.bss)
    kylinMsg                                 0x20001138   Data          28  upl.o(.bss)
    sr04sMsg                                 0x20001154   Data          12  upl.o(.bss)
    zgyroMsg                                 0x20001160   Data          10  upl.o(.bss)
    posCalibMsg                              0x2000116a   Data          12  upl.o(.bss)
    virtualRC                                0x20001176   Data          10  upl.o(.bss)
    .bss                                     0x20001180   Section      552  btm.o(.bss)
    rx_fifo                                  0x20001180   Data          20  btm.o(.bss)
    tx_fifo                                  0x20001194   Data          20  btm.o(.bss)
    rx_buf                                   0x200011a8   Data         256  btm.o(.bss)
    tx_buf                                   0x200012a8   Data         256  btm.o(.bss)
    .bss                                     0x200013a8   Section      552  dbi.o(.bss)
    rx_fifo                                  0x200013a8   Data          20  dbi.o(.bss)
    tx_fifo                                  0x200013bc   Data          20  dbi.o(.bss)
    rx_buf                                   0x200013d0   Data         256  dbi.o(.bss)
    tx_buf                                   0x200014d0   Data         256  dbi.o(.bss)
    .bss                                     0x200015d0   Section       72  rcv.o(.bss)
    buf                                      0x200015d0   Data          72  rcv.o(.bss)
    .bss                                     0x20001618   Section       64  stm32util.o(.bss)
    .bss                                     0x20001658   Section      552  tty.o(.bss)
    rx_fifo                                  0x20001658   Data          20  tty.o(.bss)
    tx_fifo                                  0x2000166c   Data          20  tty.o(.bss)
    rx_buf                                   0x20001680   Data         256  tty.o(.bss)
    tx_buf                                   0x20001780   Data         256  tty.o(.bss)
    STACK                                    0x20001880   Section     1024  startup_stm32f427xx.o(STACK)

    Global Symbols

    Symbol Name                              Value     Ov Type        Size  Object(Section)

    BuildAttributes$$THM_ISAv4$E$P$D$K$B$S$7EM$VFPi3$EXTD16$VFPS$VFMA$PE$A:L22UL41UL21$X:L11$S22US41US21$IEEE1$IW$USESV6$~STKCKD$USESV7$~SHL$OTIME$ROPI$IEEEX$EBA8$MICROLIB$REQ8$PRES8$EABIv2 0x00000000   Number         0  anon$$obj.o ABSOLUTE
    __ARM_use_no_argv                        0x00000000   Number         0  main.o ABSOLUTE
    __cpp_initialize__aeabi_                  - Undefined Weak Reference
    __cxa_finalize                            - Undefined Weak Reference
    _clock_init                               - Undefined Weak Reference
    _microlib_exit                            - Undefined Weak Reference
    __Vectors_Size                           0x000001ac   Number         0  startup_stm32f427xx.o ABSOLUTE
    __Vectors                                0x08000000   Data           4  startup_stm32f427xx.o(RESET)
    __Vectors_End                            0x080001ac   Data           0  startup_stm32f427xx.o(RESET)
    __main                                   0x080001ad   Thumb Code     0  entry.o(.ARM.Collect$$$$00000000)
    _main_stk                                0x080001ad   Thumb Code     0  entry2.o(.ARM.Collect$$$$00000001)
    _main_scatterload                        0x080001b1   Thumb Code     0  entry5.o(.ARM.Collect$$$$00000004)
    __main_after_scatterload                 0x080001b5   Thumb Code     0  entry5.o(.ARM.Collect$$$$00000004)
    _main_clock                              0x080001b5   Thumb Code     0  entry7b.o(.ARM.Collect$$$$00000008)
    _main_cpp_init                           0x080001b5   Thumb Code     0  entry8b.o(.ARM.Collect$$$$0000000A)
    _main_init                               0x080001b5   Thumb Code     0  entry9a.o(.ARM.Collect$$$$0000000B)
    __rt_final_cpp                           0x080001bd   Thumb Code     0  entry10a.o(.ARM.Collect$$$$0000000D)
    __rt_final_exit                          0x080001bd   Thumb Code     0  entry11a.o(.ARM.Collect$$$$0000000F)
    Reset_Handler                            0x080001c1   Thumb Code     8  startup_stm32f427xx.o(.text)
    SysTick_Handler                          0x080001d9   Thumb Code     2  startup_stm32f427xx.o(.text)
    ADC_IRQHandler                           0x080001db   Thumb Code     0  startup_stm32f427xx.o(.text)
    CAN1_RX0_IRQHandler                      0x080001db   Thumb Code     0  startup_stm32f427xx.o(.text)
    CAN1_RX1_IRQHandler                      0x080001db   Thumb Code     0  startup_stm32f427xx.o(.text)
    CAN1_SCE_IRQHandler                      0x080001db   Thumb Code     0  startup_stm32f427xx.o(.text)
    CAN1_TX_IRQHandler                       0x080001db   Thumb Code     0  startup_stm32f427xx.o(.text)
    CAN2_RX1_IRQHandler                      0x080001db   Thumb Code     0  startup_stm32f427xx.o(.text)
    CAN2_SCE_IRQHandler                      0x080001db   Thumb Code     0  startup_stm32f427xx.o(.text)
    DCMI_IRQHandler                          0x080001db   Thumb Code     0  startup_stm32f427xx.o(.text)
    DMA1_Stream0_IRQHandler                  0x080001db   Thumb Code     0  startup_stm32f427xx.o(.text)
    DMA1_Stream1_IRQHandler                  0x080001db   Thumb Code     0  startup_stm32f427xx.o(.text)
    DMA1_Stream2_IRQHandler                  0x080001db   Thumb Code     0  startup_stm32f427xx.o(.text)
    DMA1_Stream3_IRQHandler                  0x080001db   Thumb Code     0  startup_stm32f427xx.o(.text)
    DMA1_Stream4_IRQHandler                  0x080001db   Thumb Code     0  startup_stm32f427xx.o(.text)
    DMA1_Stream5_IRQHandler                  0x080001db   Thumb Code     0  startup_stm32f427xx.o(.text)
    DMA1_Stream6_IRQHandler                  0x080001db   Thumb Code     0  startup_stm32f427xx.o(.text)
    DMA1_Stream7_IRQHandler                  0x080001db   Thumb Code     0  startup_stm32f427xx.o(.text)
    DMA2D_IRQHandler                         0x080001db   Thumb Code     0  startup_stm32f427xx.o(.text)
    DMA2_Stream0_IRQHandler                  0x080001db   Thumb Code     0  startup_stm32f427xx.o(.text)
    DMA2_Stream1_IRQHandler                  0x080001db   Thumb Code     0  startup_stm32f427xx.o(.text)
    DMA2_Stream2_IRQHandler                  0x080001db   Thumb Code     0  startup_stm32f427xx.o(.text)
    DMA2_Stream3_IRQHandler                  0x080001db   Thumb Code     0  startup_stm32f427xx.o(.text)
    DMA2_Stream4_IRQHandler                  0x080001db   Thumb Code     0  startup_stm32f427xx.o(.text)
    DMA2_Stream5_IRQHandler                  0x080001db   Thumb Code     0  startup_stm32f427xx.o(.text)
    DMA2_Stream6_IRQHandler                  0x080001db   Thumb Code     0  startup_stm32f427xx.o(.text)
    DMA2_Stream7_IRQHandler                  0x080001db   Thumb Code     0  startup_stm32f427xx.o(.text)
    ETH_IRQHandler                           0x080001db   Thumb Code     0  startup_stm32f427xx.o(.text)
    ETH_WKUP_IRQHandler                      0x080001db   Thumb Code     0  startup_stm32f427xx.o(.text)
    FLASH_IRQHandler                         0x080001db   Thumb Code     0  startup_stm32f427xx.o(.text)
    FMC_IRQHandler                           0x080001db   Thumb Code     0  startup_stm32f427xx.o(.text)
    FPU_IRQHandler                           0x080001db   Thumb Code     0  startup_stm32f427xx.o(.text)
    HASH_RNG_IRQHandler                      0x080001db   Thumb Code     0  startup_stm32f427xx.o(.text)
    I2C1_ER_IRQHandler                       0x080001db   Thumb Code     0  startup_stm32f427xx.o(.text)
    I2C1_EV_IRQHandler                       0x080001db   Thumb Code     0  startup_stm32f427xx.o(.text)
    I2C2_ER_IRQHandler                       0x080001db   Thumb Code     0  startup_stm32f427xx.o(.text)
    I2C2_EV_IRQHandler                       0x080001db   Thumb Code     0  startup_stm32f427xx.o(.text)
    I2C3_ER_IRQHandler                       0x080001db   Thumb Code     0  startup_stm32f427xx.o(.text)
    I2C3_EV_IRQHandler                       0x080001db   Thumb Code     0  startup_stm32f427xx.o(.text)
    OTG_FS_IRQHandler                        0x080001db   Thumb Code     0  startup_stm32f427xx.o(.text)
    OTG_FS_WKUP_IRQHandler                   0x080001db   Thumb Code     0  startup_stm32f427xx.o(.text)
    OTG_HS_EP1_IN_IRQHandler                 0x080001db   Thumb Code     0  startup_stm32f427xx.o(.text)
    OTG_HS_EP1_OUT_IRQHandler                0x080001db   Thumb Code     0  startup_stm32f427xx.o(.text)
    OTG_HS_IRQHandler                        0x080001db   Thumb Code     0  startup_stm32f427xx.o(.text)
    OTG_HS_WKUP_IRQHandler                   0x080001db   Thumb Code     0  startup_stm32f427xx.o(.text)
    PVD_IRQHandler                           0x080001db   Thumb Code     0  startup_stm32f427xx.o(.text)
    RCC_IRQHandler                           0x080001db   Thumb Code     0  startup_stm32f427xx.o(.text)
    RTC_Alarm_IRQHandler                     0x080001db   Thumb Code     0  startup_stm32f427xx.o(.text)
    RTC_WKUP_IRQHandler                      0x080001db   Thumb Code     0  startup_stm32f427xx.o(.text)
    SAI1_IRQHandler                          0x080001db   Thumb Code     0  startup_stm32f427xx.o(.text)
    SDIO_IRQHandler                          0x080001db   Thumb Code     0  startup_stm32f427xx.o(.text)
    SPI1_IRQHandler                          0x080001db   Thumb Code     0  startup_stm32f427xx.o(.text)
    SPI2_IRQHandler                          0x080001db   Thumb Code     0  startup_stm32f427xx.o(.text)
    SPI3_IRQHandler                          0x080001db   Thumb Code     0  startup_stm32f427xx.o(.text)
    SPI4_IRQHandler                          0x080001db   Thumb Code     0  startup_stm32f427xx.o(.text)
    SPI5_IRQHandler                          0x080001db   Thumb Code     0  startup_stm32f427xx.o(.text)
    SPI6_IRQHandler                          0x080001db   Thumb Code     0  startup_stm32f427xx.o(.text)
    TAMP_STAMP_IRQHandler                    0x080001db   Thumb Code     0  startup_stm32f427xx.o(.text)
    TIM1_BRK_TIM9_IRQHandler                 0x080001db   Thumb Code     0  startup_stm32f427xx.o(.text)
    TIM1_CC_IRQHandler                       0x080001db   Thumb Code     0  startup_stm32f427xx.o(.text)
    TIM1_TRG_COM_TIM11_IRQHandler            0x080001db   Thumb Code     0  startup_stm32f427xx.o(.text)
    TIM1_UP_TIM10_IRQHandler                 0x080001db   Thumb Code     0  startup_stm32f427xx.o(.text)
    TIM3_IRQHandler                          0x080001db   Thumb Code     0  startup_stm32f427xx.o(.text)
    TIM4_IRQHandler                          0x080001db   Thumb Code     0  startup_stm32f427xx.o(.text)
    TIM5_IRQHandler                          0x080001db   Thumb Code     0  startup_stm32f427xx.o(.text)
    TIM7_IRQHandler                          0x080001db   Thumb Code     0  startup_stm32f427xx.o(.text)
    TIM8_BRK_TIM12_IRQHandler                0x080001db   Thumb Code     0  startup_stm32f427xx.o(.text)
    TIM8_CC_IRQHandler                       0x080001db   Thumb Code     0  startup_stm32f427xx.o(.text)
    TIM8_TRG_COM_TIM14_IRQHandler            0x080001db   Thumb Code     0  startup_stm32f427xx.o(.text)
    TIM8_UP_TIM13_IRQHandler                 0x080001db   Thumb Code     0  startup_stm32f427xx.o(.text)
    UART4_IRQHandler                         0x080001db   Thumb Code     0  startup_stm32f427xx.o(.text)
    UART5_IRQHandler                         0x080001db   Thumb Code     0  startup_stm32f427xx.o(.text)
    UART7_IRQHandler                         0x080001db   Thumb Code     0  startup_stm32f427xx.o(.text)
    UART8_IRQHandler                         0x080001db   Thumb Code     0  startup_stm32f427xx.o(.text)
    WWDG_IRQHandler                          0x080001db   Thumb Code     0  startup_stm32f427xx.o(.text)
    __aeabi_memcpy                           0x080001e5   Thumb Code    36  memcpya.o(.text)
    __aeabi_memcpy4                          0x080001e5   Thumb Code     0  memcpya.o(.text)
    __aeabi_memcpy8                          0x080001e5   Thumb Code     0  memcpya.o(.text)
    __aeabi_memset                           0x08000209   Thumb Code    14  memseta.o(.text)
    __aeabi_memset4                          0x08000209   Thumb Code     0  memseta.o(.text)
    __aeabi_memset8                          0x08000209   Thumb Code     0  memseta.o(.text)
    __aeabi_memclr                           0x08000217   Thumb Code     4  memseta.o(.text)
    __aeabi_memclr4                          0x08000217   Thumb Code     0  memseta.o(.text)
    __aeabi_memclr8                          0x08000217   Thumb Code     0  memseta.o(.text)
    _memset$wrapper                          0x0800021b   Thumb Code    18  memseta.o(.text)
    __scatterload                            0x0800022d   Thumb Code    28  init.o(.text)
    __scatterload_rt2                        0x0800022d   Thumb Code     0  init.o(.text)
    __decompress                             0x08000251   Thumb Code     0  __dczerorl2.o(.text)
    __decompress1                            0x08000251   Thumb Code    86  __dczerorl2.o(.text)
    Act_Init                                 0x080002a9   Thumb Code    48  act.o(i.Act_Init)
    App_Init                                 0x080002e1   Thumb Code    86  app.o(i.App_Init)
    Beep_Config                              0x08000339   Thumb Code    44  beep.o(i.Beep_Config)
    Bsp_Config                               0x0800036d   Thumb Code    80  bsp.o(i.Bsp_Config)
    BtmRxCallback                            0x080003c1   Thumb Code     4  com_srv.o(i.BtmRxCallback)
    Btm_Config                               0x080003c5   Thumb Code    94  btm.o(i.Btm_Config)
    Btm_Proc                                 0x08000435   Thumb Code     6  com.o(i.Btm_Proc)
    Btm_PutCh                                0x0800043d   Thumb Code    50  btm.o(i.Btm_PutCh)
    Btn_Config                               0x08000479   Thumb Code     6  btn.o(i.Btn_Config)
    BusFault_Handler                         0x08000485   Thumb Code     2  stm32f4xx_it.o(i.BusFault_Handler)
    CAN2_RX0_IRQHandler                      0x08000489   Thumb Code    58  can2.o(i.CAN2_RX0_IRQHandler)
    CAN2_TX_IRQHandler                       0x080004cd   Thumb Code    30  can2.o(i.CAN2_TX_IRQHandler)
    CAN_ClearFlag                            0x080004f1   Thumb Code    44  stm32f4xx_can.o(i.CAN_ClearFlag)
    CAN_ClearITPendingBit                    0x08000521   Thumb Code   116  stm32f4xx_can.o(i.CAN_ClearITPendingBit)
    CAN_Config                               0x08000599   Thumb Code    98  stm32util.o(i.CAN_Config)
    CAN_FilterInit                           0x08000605   Thumb Code   194  stm32f4xx_can.o(i.CAN_FilterInit)
    CAN_Filter_Config                        0x080006d1   Thumb Code    54  stm32util.o(i.CAN_Filter_Config)
    CAN_GetITStatus                          0x08000709   Thumb Code   162  stm32f4xx_can.o(i.CAN_GetITStatus)
    CAN_ITConfig                             0x080007b1   Thumb Code    16  stm32f4xx_can.o(i.CAN_ITConfig)
    CAN_Init                                 0x080007c1   Thumb Code   232  stm32f4xx_can.o(i.CAN_Init)
    CAN_Receive                              0x080008a9   Thumb Code   144  stm32f4xx_can.o(i.CAN_Receive)
    CAN_Transmit                             0x08000939   Thumb Code   164  stm32f4xx_can.o(i.CAN_Transmit)
    CBUS_Init                                0x080009dd   Thumb Code     6  cbus.o(i.CBUS_Init)
    CM_Cmd                                   0x080009e3   Thumb Code    78  motor.o(i.CM_Cmd)
    Cal_Init                                 0x08000a31   Thumb Code    20  cal.o(i.Cal_Init)
    Cal_IsDone                               0x08000a4d   Thumb Code    18  cal.o(i.Cal_IsDone)
    Can1_Config                              0x08000a65   Thumb Code    42  can1.o(i.Can1_Config)
    Can2RxCallback                           0x08000a99   Thumb Code     4  can_srv.o(i.Can2RxCallback)
    Can2_Config                              0x08000a9d   Thumb Code   106  can2.o(i.Can2_Config)
    Can_Init                                 0x08000b11   Thumb Code    40  can.o(i.Can_Init)
    Can_Proc                                 0x08000b3d   Thumb Code   168  can.o(i.Can_Proc)
    Cfg_GetFlag                              0x08000bf1   Thumb Code     8  cfg.o(i.Cfg_GetFlag)
    Cfg_Init                                 0x08000bfd   Thumb Code   252  cfg.o(i.Cfg_Init)
    Cfg_Load                                 0x08000d01   Thumb Code     6  cfg.o(i.Cfg_Load)
    Clk_GetUsTick                            0x08000d13   Thumb Code     8  clk.o(i.Clk_GetUsTick)
    Clk_Init                                 0x08000d1d   Thumb Code    16  clk.o(i.Clk_Init)
    Cmd_Init                                 0x08000d31   Thumb Code     8  cmd.o(i.Cmd_Init)
    Com_Init                                 0x08000d3d   Thumb Code    14  com.o(i.Com_Init)
    Ctl_Init                                 0x08000db1   Thumb Code    98  ctl.o(i.Ctl_Init)
    DBUS_Dec                                 0x08000e81   Thumb Code    24  dbus.o(i.DBUS_Dec)
    DBUS_Init                                0x08000e99   Thumb Code    20  dbus.o(i.DBUS_Init)
    DMA_Cmd                                  0x08000ead   Thumb Code    20  stm32f4xx_dma.o(i.DMA_Cmd)
    DMA_Config                               0x08000ec1   Thumb Code   100  stm32util.o(i.DMA_Config)
    DMA_DoubleBufferModeCmd                  0x08000f2d   Thumb Code    20  stm32f4xx_dma.o(i.DMA_DoubleBufferModeCmd)
    DMA_DoubleBufferModeConfig               0x08000f41   Thumb Code    22  stm32f4xx_dma.o(i.DMA_DoubleBufferModeConfig)
    DMA_GetCurrDataCounter                   0x08000f57   Thumb Code     6  stm32f4xx_dma.o(i.DMA_GetCurrDataCounter)
    DMA_GetCurrentMemoryTarget               0x08000f5d   Thumb Code    14  stm32f4xx_dma.o(i.DMA_GetCurrentMemoryTarget)
    DMA_Init                                 0x08000f6d   Thumb Code    80  stm32f4xx_dma.o(i.DMA_Init)
    DbiRxCallback                            0x08000fc1   Thumb Code     4  com_srv.o(i.DbiRxCallback)
    Dbi_Config                               0x08000fc5   Thumb Code    94  dbi.o(i.Dbi_Config)
    Dbi_GetCh                                0x08001035   Thumb Code    60  dbi.o(i.Dbi_GetCh)
    Dbi_Proc                                 0x08001079   Thumb Code     6  com.o(i.Dbi_Proc)
    Dbi_PutCh                                0x08001081   Thumb Code    50  dbi.o(i.Dbi_PutCh)
    Dci_Init                                 0x080010bd   Thumb Code    20  dci.o(i.Dci_Init)
    Dci_Proc                                 0x080010d5   Thumb Code    72  dci.o(i.Dci_Proc)
    DebugMon_Handler                         0x0800111d   Thumb Code     2  stm32f4xx_it.o(i.DebugMon_Handler)
    Delay_Ms                                 0x0800111f   Thumb Code    24  delay.o(i.Delay_Ms)
    Dnl_Init                                 0x08001139   Thumb Code    28  dnl.o(i.Dnl_Init)
    EXTI0_IRQHandler                         0x08001159   Thumb Code    42  stm32util.o(i.EXTI0_IRQHandler)
    EXTI15_10_IRQHandler                     0x08001189   Thumb Code   206  stm32util.o(i.EXTI15_10_IRQHandler)
    EXTI1_IRQHandler                         0x0800125d   Thumb Code    42  stm32util.o(i.EXTI1_IRQHandler)
    EXTI2_IRQHandler                         0x0800128d   Thumb Code    42  stm32util.o(i.EXTI2_IRQHandler)
    EXTI3_IRQHandler                         0x080012bd   Thumb Code    42  stm32util.o(i.EXTI3_IRQHandler)
    EXTI4_IRQHandler                         0x080012ed   Thumb Code    42  stm32util.o(i.EXTI4_IRQHandler)
    EXTI9_5_IRQHandler                       0x0800131d   Thumb Code   162  stm32util.o(i.EXTI9_5_IRQHandler)
    EXTI_Bind                                0x080013c5   Thumb Code   280  stm32util.o(i.EXTI_Bind)
    EXTI_ClearFlag                           0x080014e1   Thumb Code     6  stm32f4xx_exti.o(i.EXTI_ClearFlag)
    EXTI_ClearITPendingBit                   0x080014ed   Thumb Code     6  stm32f4xx_exti.o(i.EXTI_ClearITPendingBit)
    EXTI_Config                              0x080014f9   Thumb Code    40  stm32util.o(i.EXTI_Config)
    EXTI_GetITStatus                         0x08001521   Thumb Code    16  stm32f4xx_exti.o(i.EXTI_GetITStatus)
    EXTI_Init                                0x08001535   Thumb Code   108  stm32f4xx_exti.o(i.EXTI_Init)
    EXTI_SetHandler                          0x080015a5   Thumb Code    12  stm32util.o(i.EXTI_SetHandler)
    Ekf_Init                                 0x080015b5   Thumb Code     8  ekf.o(i.Ekf_Init)
    Ekf_Proc                                 0x080015bd   Thumb Code    74  ekf.o(i.Ekf_Proc)
    Ekf_Reset                                0x08001609   Thumb Code    22  ekf.o(i.Ekf_Reset)
    FIFO_Flush                               0x08001625   Thumb Code    22  fifo.o(i.FIFO_Flush)
    FIFO_Init                                0x0800163b   Thumb Code     8  fifo.o(i.FIFO_Init)
    FIFO_IsEmpty                             0x08001643   Thumb Code    12  fifo.o(i.FIFO_IsEmpty)
    FIFO_IsFull                              0x0800164f   Thumb Code    16  fifo.o(i.FIFO_IsFull)
    FIFO_Pop                                 0x0800165f   Thumb Code    52  fifo.o(i.FIFO_Pop)
    FIFO_Push                                0x08001693   Thumb Code    58  fifo.o(i.FIFO_Push)
    Flag_Get                                 0x080016cd   Thumb Code     6  fun.o(i.Flag_Get)
    Flash_Read                               0x080016d3   Thumb Code    22  flash.o(i.Flash_Read)
    Fos_Read                                 0x080016e9   Thumb Code    10  fos.o(i.Fos_Read)
    GM_Cmd                                   0x080016f9   Thumb Code    72  motor.o(i.GM_Cmd)
    GPIO_Af                                  0x08001741   Thumb Code    40  stm32util.o(i.GPIO_Af)
    GPIO_Config                              0x08001769   Thumb Code   236  stm32util.o(i.GPIO_Config)
    GPIO_In                                  0x08001881   Thumb Code    16  stm32util.o(i.GPIO_In)
    GPIO_Init                                0x08001891   Thumb Code   162  stm32f4xx_gpio.o(i.GPIO_Init)
    GPIO_Out                                 0x08001933   Thumb Code    18  stm32util.o(i.GPIO_Out)
    GPIO_PinAFConfig                         0x08001945   Thumb Code    32  stm32f4xx_gpio.o(i.GPIO_PinAFConfig)
    GPIO_ResetBits                           0x08001965   Thumb Code     4  stm32f4xx_gpio.o(i.GPIO_ResetBits)
    GPIO_SetBits                             0x08001969   Thumb Code     4  stm32f4xx_gpio.o(i.GPIO_SetBits)
    HardFault_Handler                        0x08001de1   Thumb Code     2  stm32f4xx_it.o(i.HardFault_Handler)
    Hcf_Init                                 0x08001de5   Thumb Code    38  hcf.o(i.Hcf_Init)
    Hcf_Proc                                 0x08001e0b   Thumb Code    64  hcf.o(i.Hcf_Proc)
    Hci_Init                                 0x08001e4d   Thumb Code    48  hci.o(i.Hci_Init)
    Hci_MouseBtn                             0x08001e81   Thumb Code    12  hci.o(i.Hci_MouseBtn)
    Hci_PreProc                              0x08001e91   Thumb Code     8  hci.o(i.Hci_PreProc)
    Hci_Proc                                 0x08001e9d   Thumb Code    24  hci.o(i.Hci_Proc)
    Hcp_Dec                                  0x08001eb5   Thumb Code    30  hcp.o(i.Hcp_Dec)
    Hcp_Init                                 0x08001ed3   Thumb Code    28  hcp.o(i.Hcp_Init)
    Ini_Init                                 0x08001ef1   Thumb Code     8  ini.o(i.Ini_Init)
    Ios_GetCh                                0x08001efd   Thumb Code     4  ios.o(i.Ios_GetCh)
    Ios_Init                                 0x08001f01   Thumb Code    18  ios.o(i.Ios_Init)
    Ios_PutCh                                0x08001f1d   Thumb Code    18  ios.o(i.Ios_PutCh)
    Ios_SetIn                                0x08001f31   Thumb Code    10  ios.o(i.Ios_SetIn)
    Ios_SetOut                               0x08001f41   Thumb Code    10  ios.o(i.Ios_SetOut)
    KOS_Boot                                 0x08001f51   Thumb Code    26  kos.o(i.KOS_Boot)
    Key_Config                               0x08001f6d   Thumb Code    34  key.o(i.Key_Config)
    Led_Config                               0x08001f99   Thumb Code    40  led.o(i.Led_Config)
    Maf_Init                                 0x08001fc9   Thumb Code     8  maf.o(i.Maf_Init)
    Maf_Proc                                 0x08001fd1   Thumb Code    66  maf.o(i.Maf_Proc)
    Maf_Reset                                0x08002015   Thumb Code    42  maf.o(i.Maf_Reset)
    Mec_Init                                 0x08002045   Thumb Code    40  mec.o(i.Mec_Init)
    Mecanum_Config                           0x08002075   Thumb Code    42  mecanum.o(i.Mecanum_Config)
    MemManage_Handler                        0x0800209f   Thumb Code     2  stm32f4xx_it.o(i.MemManage_Handler)
    Motor_Process                            0x080020a1   Thumb Code   286  can.o(i.Motor_Process)
    Motor_Reset                              0x080021e1   Thumb Code     6  can.o(i.Motor_Reset)
    NMI_Handler                              0x080021e7   Thumb Code     2  stm32f4xx_it.o(i.NMI_Handler)
    NVIC_Config                              0x080021e9   Thumb Code    28  stm32util.o(i.NVIC_Config)
    NVIC_Init                                0x08002205   Thumb Code    96  misc.o(i.NVIC_Init)
    NVIC_PriorityGroupConfig                 0x08002269   Thumb Code    10  misc.o(i.NVIC_PriorityGroupConfig)
    Odo_Init                                 0x0800227d   Thumb Code    18  odo.o(i.Odo_Init)
    PID_Config                               0x0800229d   Thumb Code     6  pid.o(i.PID_Config)
    PID_Reset                                0x080022a5   Thumb Code    30  pid.o(i.PID_Reset)
    PWM_Bind                                 0x080022c9   Thumb Code  5436  stm32util.o(i.PWM_Bind)
    PendSV_Handler                           0x0800380d   Thumb Code     2  stm32f4xx_it.o(i.PendSV_Handler)
    Pwm_Config                               0x08003811   Thumb Code    66  pwm.o(i.Pwm_Config)
    Pwr_Init                                 0x0800385d   Thumb Code    72  pwr.o(i.Pwr_Init)
    RCC_AHB1PeriphClockCmd                   0x080038ad   Thumb Code    18  stm32f4xx_rcc.o(i.RCC_AHB1PeriphClockCmd)
    RCC_APB1PeriphClockCmd                   0x080038c5   Thumb Code    18  stm32f4xx_rcc.o(i.RCC_APB1PeriphClockCmd)
    RCC_APB2PeriphClockCmd                   0x080038dd   Thumb Code    18  stm32f4xx_rcc.o(i.RCC_APB2PeriphClockCmd)
    RCC_GetClocksFreq                        0x080038f5   Thumb Code   132  stm32f4xx_rcc.o(i.RCC_GetClocksFreq)
    Rcf_Init                                 0x08003989   Thumb Code    40  rcf.o(i.Rcf_Init)
    Rcf_Proc                                 0x080039b1   Thumb Code    64  rcf.o(i.Rcf_Proc)
    Rci_Init                                 0x080039f1   Thumb Code     6  rci.o(i.Rci_Init)
    Rci_PreProc                              0x080039fd   Thumb Code     8  rci.o(i.Rci_PreProc)
    Rci_Proc                                 0x08003a09   Thumb Code    18  rci.o(i.Rci_Proc)
    Rci_Sw                                   0x08003a1d   Thumb Code    12  rci.o(i.Rci_Sw)
    Rcp_Dec                                  0x08003a2d   Thumb Code    78  rcp.o(i.Rcp_Dec)
    Rcp_Init                                 0x08003a7d   Thumb Code    38  rcp.o(i.Rcp_Init)
    RcvCallback                              0x08003aa3   Thumb Code     4  rcv_srv.o(i.RcvCallback)
    Rcv_Config                               0x08003aa9   Thumb Code   126  rcv.o(i.Rcv_Config)
    Rcv_Proc                                 0x08003b3d   Thumb Code    28  dci.o(i.Rcv_Proc)
    Rmp_Config                               0x08003b5d   Thumb Code     4  rmp.o(i.Rmp_Config)
    Rmp_Reset                                0x08003b61   Thumb Code    14  rmp.o(i.Rmp_Reset)
    SPI_Bind                                 0x08003b75   Thumb Code  2506  stm32util.o(i.SPI_Bind)
    SPI_Cmd                                  0x0800454d   Thumb Code    20  stm32f4xx_spi.o(i.SPI_Cmd)
    SPI_Config                               0x08004561   Thumb Code   166  stm32util.o(i.SPI_Config)
    SPI_Init                                 0x08004621   Thumb Code    56  stm32f4xx_spi.o(i.SPI_Init)
    SR04Callback                             0x08004659   Thumb Code     4  ext_srv.o(i.SR04Callback)
    SR04_Bind                                0x0800465d   Thumb Code    28  sr04.o(i.SR04_Bind)
    SR04_Config                              0x0800467d   Thumb Code    24  sr04.o(i.SR04_Config)
    SVC_Handler                              0x08004701   Thumb Code     2  stm32f4xx_it.o(i.SVC_Handler)
    SYSCFG_EXTILineConfig                    0x08004705   Thumb Code    42  stm32f4xx_syscfg.o(i.SYSCFG_EXTILineConfig)
    Sch_Init                                 0x08004735   Thumb Code    20  sch.o(i.Sch_Init)
    Sch_Proc                                 0x0800474d   Thumb Code    42  sch.o(i.Sch_Proc)
    Snd_Init                                 0x0800484d   Thumb Code    10  snd.o(i.Snd_Init)
    Snd_Play                                 0x0800485d   Thumb Code     8  snd.o(i.Snd_Play)
    Snd_Stop                                 0x08004869   Thumb Code     8  snd.o(i.Snd_Stop)
    Spi5_Config                              0x08004875   Thumb Code    74  spi5.o(i.Spi5_Config)
    Sr04_Proc                                0x080048c9   Thumb Code   160  srs.o(i.Sr04_Proc)
    Srs_Init                                 0x08004971   Thumb Code    68  srs.o(i.Srs_Init)
    SyncTimCallback                          0x080049bd   Thumb Code     4  tim_srv.o(i.SyncTimCallback)
    SyncTim_Config                           0x080049c1   Thumb Code    38  tim.o(i.SyncTim_Config)
    SyncTim_Start                            0x080049ed   Thumb Code    34  tim.o(i.SyncTim_Start)
    SystemInit                               0x08004a15   Thumb Code    74  system_stm32f4xx.o(i.SystemInit)
    TIM2_IRQHandler                          0x08004a71   Thumb Code    42  tim.o(i.TIM2_IRQHandler)
    TIM6_DAC_IRQHandler                      0x08004a9d   Thumb Code    42  tim.o(i.TIM6_DAC_IRQHandler)
    TIM_ARRPreloadConfig                     0x08004acd   Thumb Code    20  stm32f4xx_tim.o(i.TIM_ARRPreloadConfig)
    TIM_ClearFlag                            0x08004ae1   Thumb Code     6  stm32f4xx_tim.o(i.TIM_ClearFlag)
    TIM_ClearITPendingBit                    0x08004ae7   Thumb Code     6  stm32f4xx_tim.o(i.TIM_ClearITPendingBit)
    TIM_Cmd                                  0x08004aed   Thumb Code    20  stm32f4xx_tim.o(i.TIM_Cmd)
    TIM_Config                               0x08004b01   Thumb Code   276  stm32util.o(i.TIM_Config)
    TIM_GetITStatus                          0x08004c45   Thumb Code    24  stm32f4xx_tim.o(i.TIM_GetITStatus)
    TIM_ITConfig                             0x08004c5d   Thumb Code    16  stm32f4xx_tim.o(i.TIM_ITConfig)
    TIM_OC1Init                              0x08004c6d   Thumb Code    88  stm32f4xx_tim.o(i.TIM_OC1Init)
    TIM_OC1PreloadConfig                     0x08004ccd   Thumb Code    12  stm32f4xx_tim.o(i.TIM_OC1PreloadConfig)
    TIM_OC2Init                              0x08004cd9   Thumb Code   120  stm32f4xx_tim.o(i.TIM_OC2Init)
    TIM_OC2PreloadConfig                     0x08004d59   Thumb Code    20  stm32f4xx_tim.o(i.TIM_OC2PreloadConfig)
    TIM_OC3Init                              0x08004d6d   Thumb Code   116  stm32f4xx_tim.o(i.TIM_OC3Init)
    TIM_OC3PreloadConfig                     0x08004de9   Thumb Code    12  stm32f4xx_tim.o(i.TIM_OC3PreloadConfig)
    TIM_OC4Init                              0x08004df5   Thumb Code    88  stm32f4xx_tim.o(i.TIM_OC4Init)
    TIM_OC4PreloadConfig                     0x08004e55   Thumb Code    20  stm32f4xx_tim.o(i.TIM_OC4PreloadConfig)
    TIM_OC_Config                            0x08004e69   Thumb Code   130  stm32util.o(i.TIM_OC_Config)
    TIM_TimeBaseInit                         0x08004eed   Thumb Code    96  stm32f4xx_tim.o(i.TIM_TimeBaseInit)
    TickTimCallback                          0x08004f69   Thumb Code     2  tim_srv.o(i.TickTimCallback)
    TickTim_Config                           0x08004f6b   Thumb Code    46  tim.o(i.TickTim_Config)
    TickTim_Start                            0x08004f99   Thumb Code    34  tim.o(i.TickTim_Start)
    Tim_Config                               0x08004fbb   Thumb Code    14  tim.o(i.Tim_Config)
    Tim_Start                                0x08004fc9   Thumb Code    14  tim.o(i.Tim_Start)
    TtyRxCallback                            0x08004fd7   Thumb Code     4  com_srv.o(i.TtyRxCallback)
    Tty_Config                               0x08004fdd   Thumb Code    94  tty.o(i.Tty_Config)
    Tty_Proc                                 0x0800504d   Thumb Code     6  com.o(i.Tty_Proc)
    USART1_IRQHandler                        0x08005055   Thumb Code   104  rcv.o(i.USART1_IRQHandler)
    USART2_IRQHandler                        0x080050c9   Thumb Code   142  btm.o(i.USART2_IRQHandler)
    USART3_IRQHandler                        0x08005161   Thumb Code   142  dbi.o(i.USART3_IRQHandler)
    USART6_IRQHandler                        0x080051f9   Thumb Code   142  tty.o(i.USART6_IRQHandler)
    USART_Bind                               0x08005291   Thumb Code  3544  stm32util.o(i.USART_Bind)
    USART_Cmd                                0x08006071   Thumb Code    20  stm32f4xx_usart.o(i.USART_Cmd)
    USART_Config                             0x08006085   Thumb Code   366  stm32util.o(i.USART_Config)
    USART_DMACmd                             0x08006215   Thumb Code    16  stm32f4xx_usart.o(i.USART_DMACmd)
    USART_GetITStatus                        0x08006225   Thumb Code    62  stm32f4xx_usart.o(i.USART_GetITStatus)
    USART_ITConfig                           0x08006263   Thumb Code    48  stm32f4xx_usart.o(i.USART_ITConfig)
    USART_Init                               0x08006295   Thumb Code   164  stm32f4xx_usart.o(i.USART_Init)
    USART_ReceiveData                        0x08006341   Thumb Code     8  stm32f4xx_usart.o(i.USART_ReceiveData)
    USART_SendData                           0x08006349   Thumb Code     8  stm32f4xx_usart.o(i.USART_SendData)
    Upd_Init                                 0x08006351   Thumb Code    48  upd.o(i.Upd_Init)
    Upl_Init                                 0x08006389   Thumb Code    14  upl.o(i.Upl_Init)
    UsageFault_Handler                       0x0800639d   Thumb Code     2  stm32f4xx_it.o(i.UsageFault_Handler)
    Wdg_Feed                                 0x080063a1   Thumb Code    10  wdg.o(i.Wdg_Feed)
    Wdg_Init                                 0x080063b1   Thumb Code    34  wdg.o(i.Wdg_Init)
    Wsm_Init                                 0x080063dd   Thumb Code    10  wsm.o(i.Wsm_Init)
    ZGyro_Process                            0x080063ed   Thumb Code   128  can.o(i.ZGyro_Process)
    ZGyro_Reset                              0x08006479   Thumb Code     6  can.o(i.ZGyro_Reset)
    __scatterload_copy                       0x0800647f   Thumb Code    14  handlers.o(i.__scatterload_copy)
    __scatterload_null                       0x0800648d   Thumb Code     2  handlers.o(i.__scatterload_null)
    __scatterload_zeroinit                   0x0800648f   Thumb Code    14  handlers.o(i.__scatterload_zeroinit)
    constrain                                0x0800649d   Thumb Code    32  fun.o(i.constrain)
    main                                     0x080064bd   Thumb Code    42  main.o(i.main)
    map                                      0x080064ed   Thumb Code    56  fun.o(i.map)
    sr04                                     0x08006764   Data          32  sr04.o(.constdata)
    Region$$Table$$Base                      0x08006784   Number         0  anon$$obj.o(Region$$Table)
    Region$$Table$$Limit                     0x080067a4   Number         0  anon$$obj.o(Region$$Table)
    cfg_sync_flag                            0x20000014   Data           1  cfg.o(.data)
    cfg                                      0x20000015   Data         242  cfg.o(.data)
    _in                                      0x20000120   Data           4  ios.o(.data)
    _out                                     0x20000124   Data           4  ios.o(.data)
    zgyro                                    0x200001cc   Data          44  can.o(.bss)
    motor                                    0x200001f8   Data         672  can.o(.bss)
    cmd                                      0x20000498   Data          76  cmd.o(.bss)
    ctl                                      0x200004e4   Data          76  ctl.o(.bss)
    pid                                      0x20000530   Data         480  ctl.o(.bss)
    rmp                                      0x20000710   Data          12  ctl.o(.bss)
    dbus                                     0x2000071c   Data          22  dci.o(.bss)
    odo                                      0x20000ab0   Data         100  odo.o(.bss)
    srs                                      0x20000dc4   Data         352  srs.o(.bss)
    extiHandlers                             0x20001618   Data          64  stm32util.o(.bss)
    __initial_sp                             0x20001c80   Data           0  startup_stm32f427xx.o(STACK)



==============================================================================

Memory Map of the image

  Image Entry point : 0x080001ad

  Load Region LR_IROM1 (Base: 0x08000000, Size: 0x00006954, Max: 0x00200000, ABSOLUTE, COMPRESSED[0x00006818])

    Execution Region ER_IROM1 (Base: 0x08000000, Size: 0x000067a4, Max: 0x00200000, ABSOLUTE)

    Base Addr    Size         Type   Attr      Idx    E Section Name        Object

    0x08000000   0x000001ac   Data   RO         9647    RESET               startup_stm32f427xx.o
    0x080001ac   0x00000000   Code   RO         9690  * .ARM.Collect$$$$00000000  mc_w.l(entry.o)
    0x080001ac   0x00000004   Code   RO         9776    .ARM.Collect$$$$00000001  mc_w.l(entry2.o)
    0x080001b0   0x00000004   Code   RO         9779    .ARM.Collect$$$$00000004  mc_w.l(entry5.o)
    0x080001b4   0x00000000   Code   RO         9781    .ARM.Collect$$$$00000008  mc_w.l(entry7b.o)
    0x080001b4   0x00000000   Code   RO         9783    .ARM.Collect$$$$0000000A  mc_w.l(entry8b.o)
    0x080001b4   0x00000008   Code   RO         9784    .ARM.Collect$$$$0000000B  mc_w.l(entry9a.o)
    0x080001bc   0x00000000   Code   RO         9786    .ARM.Collect$$$$0000000D  mc_w.l(entry10a.o)
    0x080001bc   0x00000000   Code   RO         9788    .ARM.Collect$$$$0000000F  mc_w.l(entry11a.o)
    0x080001bc   0x00000004   Code   RO         9777    .ARM.Collect$$$$00002712  mc_w.l(entry2.o)
    0x080001c0   0x00000024   Code   RO         9648    .text               startup_stm32f427xx.o
    0x080001e4   0x00000024   Code   RO         9693    .text               mc_w.l(memcpya.o)
    0x08000208   0x00000024   Code   RO         9695    .text               mc_w.l(memseta.o)
    0x0800022c   0x00000024   Code   RO         9812    .text               mc_w.l(init.o)
    0x08000250   0x00000056   Code   RO         9828    .text               mc_w.l(__dczerorl2.o)
    0x080002a6   0x00000002   PAD
    0x080002a8   0x00000038   Code   RO          536    i.Act_Init          act.o
    0x080002e0   0x00000056   Code   RO          566    i.App_Init          app.o
    0x08000336   0x00000002   PAD
    0x08000338   0x00000034   Code   RO         3080    i.Beep_Config       beep.o
    0x0800036c   0x00000054   Code   RO         3122    i.Bsp_Config        bsp.o
    0x080003c0   0x00000004   Code   RO         2945    i.BtmRxCallback     com_srv.o
    0x080003c4   0x00000070   Code   RO         3146    i.Btm_Config        btm.o
    0x08000434   0x00000006   Code   RO          991    i.Btm_Proc          com.o
    0x0800043a   0x00000002   PAD
    0x0800043c   0x0000003c   Code   RO         3155    i.Btm_PutCh         btm.o
    0x08000478   0x0000000c   Code   RO         3261    i.Btn_Config        btn.o
    0x08000484   0x00000002   Code   RO          389    i.BusFault_Handler  stm32f4xx_it.o
    0x08000486   0x00000002   PAD
    0x08000488   0x00000044   Code   RO         3321    i.CAN2_RX0_IRQHandler  can2.o
    0x080004cc   0x00000024   Code   RO         3322    i.CAN2_TX_IRQHandler  can2.o
    0x080004f0   0x00000030   Code   RO         4786    i.CAN_ClearFlag     stm32f4xx_can.o
    0x08000520   0x00000078   Code   RO         4787    i.CAN_ClearITPendingBit  stm32f4xx_can.o
    0x08000598   0x0000006c   Code   RO         3858    i.CAN_Config        stm32util.o
    0x08000604   0x000000cc   Code   RO         4791    i.CAN_FilterInit    stm32f4xx_can.o
    0x080006d0   0x00000036   Code   RO         3859    i.CAN_Filter_Config  stm32util.o
    0x08000706   0x00000002   PAD
    0x08000708   0x000000a8   Code   RO         4793    i.CAN_GetITStatus   stm32f4xx_can.o
    0x080007b0   0x00000010   Code   RO         4797    i.CAN_ITConfig      stm32f4xx_can.o
    0x080007c0   0x000000e8   Code   RO         4798    i.CAN_Init          stm32f4xx_can.o
    0x080008a8   0x00000090   Code   RO         4801    i.CAN_Receive       stm32f4xx_can.o
    0x08000938   0x000000a4   Code   RO         4806    i.CAN_Transmit      stm32f4xx_can.o
    0x080009dc   0x00000006   Code   RO         2056    i.CBUS_Init         cbus.o
    0x080009e2   0x0000004e   Code   RO         4347    i.CM_Cmd            motor.o
    0x08000a30   0x0000001c   Code   RO          600    i.Cal_Init          cal.o
    0x08000a4c   0x00000018   Code   RO          601    i.Cal_IsDone        cal.o
    0x08000a64   0x00000034   Code   RO         3285    i.Can1_Config       can1.o
    0x08000a98   0x00000004   Code   RO         2925    i.Can2RxCallback    can_srv.o
    0x08000a9c   0x00000074   Code   RO         3323    i.Can2_Config       can2.o
    0x08000b10   0x0000002c   Code   RO          686    i.Can_Init          can.o
    0x08000b3c   0x000000b4   Code   RO          687    i.Can_Proc          can.o
    0x08000bf0   0x0000000c   Code   RO          805    i.Cfg_GetFlag       cfg.o
    0x08000bfc   0x00000104   Code   RO          807    i.Cfg_Init          cfg.o
    0x08000d00   0x00000006   Code   RO          809    i.Cfg_Load          cfg.o
    0x08000d06   0x0000000c   Code   RO         4809    i.CheckITStatus     stm32f4xx_can.o
    0x08000d12   0x00000008   Code   RO          901    i.Clk_GetUsTick     clk.o
    0x08000d1a   0x00000002   PAD
    0x08000d1c   0x00000014   Code   RO          902    i.Clk_Init          clk.o
    0x08000d30   0x0000000c   Code   RO          949    i.Cmd_Init          cmd.o
    0x08000d3c   0x0000000e   Code   RO          992    i.Com_Init          com.o
    0x08000d4a   0x00000002   PAD
    0x08000d4c   0x00000064   Code   RO         1044    i.Cpl_Init          ctl.o
    0x08000db0   0x0000006c   Code   RO         1045    i.Ctl_Init          ctl.o
    0x08000e1c   0x00000064   Code   RO         1048    i.Cvl_Init          ctl.o
    0x08000e80   0x00000018   Code   RO         2112    i.DBUS_Dec          dbus.o
    0x08000e98   0x00000014   Code   RO         2114    i.DBUS_Init         dbus.o
    0x08000eac   0x00000014   Code   RO         5581    i.DMA_Cmd           stm32f4xx_dma.o
    0x08000ec0   0x0000006c   Code   RO         3860    i.DMA_Config        stm32util.o
    0x08000f2c   0x00000014   Code   RO         5583    i.DMA_DoubleBufferModeCmd  stm32f4xx_dma.o
    0x08000f40   0x00000016   Code   RO         5584    i.DMA_DoubleBufferModeConfig  stm32f4xx_dma.o
    0x08000f56   0x00000006   Code   RO         5587    i.DMA_GetCurrDataCounter  stm32f4xx_dma.o
    0x08000f5c   0x0000000e   Code   RO         5588    i.DMA_GetCurrentMemoryTarget  stm32f4xx_dma.o
    0x08000f6a   0x00000002   PAD
    0x08000f6c   0x00000054   Code   RO         5593    i.DMA_Init          stm32f4xx_dma.o
    0x08000fc0   0x00000004   Code   RO         2946    i.DbiRxCallback     com_srv.o
    0x08000fc4   0x00000070   Code   RO         3369    i.Dbi_Config        dbi.o
    0x08001034   0x00000044   Code   RO         3370    i.Dbi_GetCh         dbi.o
    0x08001078   0x00000006   Code   RO          994    i.Dbi_Proc          com.o
    0x0800107e   0x00000002   PAD
    0x08001080   0x0000003c   Code   RO         3378    i.Dbi_PutCh         dbi.o
    0x080010bc   0x00000018   Code   RO         1121    i.Dci_Init          dci.o
    0x080010d4   0x00000048   Code   RO         1122    i.Dci_Proc          dci.o
    0x0800111c   0x00000002   Code   RO          390    i.DebugMon_Handler  stm32f4xx_it.o
    0x0800111e   0x00000018   Code   RO         4291    i.Delay_Ms          delay.o
    0x08001136   0x00000002   PAD
    0x08001138   0x00000020   Code   RO         1163    i.Dnl_Init          dnl.o
    0x08001158   0x00000030   Code   RO         3861    i.EXTI0_IRQHandler  stm32util.o
    0x08001188   0x000000d4   Code   RO         3862    i.EXTI15_10_IRQHandler  stm32util.o
    0x0800125c   0x00000030   Code   RO         3863    i.EXTI1_IRQHandler  stm32util.o
    0x0800128c   0x00000030   Code   RO         3864    i.EXTI2_IRQHandler  stm32util.o
    0x080012bc   0x00000030   Code   RO         3865    i.EXTI3_IRQHandler  stm32util.o
    0x080012ec   0x00000030   Code   RO         3866    i.EXTI4_IRQHandler  stm32util.o
    0x0800131c   0x000000a8   Code   RO         3867    i.EXTI9_5_IRQHandler  stm32util.o
    0x080013c4   0x0000011c   Code   RO         3868    i.EXTI_Bind         stm32util.o
    0x080014e0   0x0000000c   Code   RO         5867    i.EXTI_ClearFlag    stm32f4xx_exti.o
    0x080014ec   0x0000000c   Code   RO         5868    i.EXTI_ClearITPendingBit  stm32f4xx_exti.o
    0x080014f8   0x00000028   Code   RO         3869    i.EXTI_Config       stm32util.o
    0x08001520   0x00000014   Code   RO         5872    i.EXTI_GetITStatus  stm32f4xx_exti.o
    0x08001534   0x00000070   Code   RO         5873    i.EXTI_Init         stm32f4xx_exti.o
    0x080015a4   0x00000010   Code   RO         3870    i.EXTI_SetHandler   stm32util.o
    0x080015b4   0x00000008   Code   RO         2138    i.Ekf_Init          ekf.o
    0x080015bc   0x0000004a   Code   RO         2139    i.Ekf_Proc          ekf.o
    0x08001606   0x00000002   PAD
    0x08001608   0x0000001c   Code   RO         2140    i.Ekf_Reset         ekf.o
    0x08001624   0x00000016   Code   RO         2237    i.FIFO_Flush        fifo.o
    0x0800163a   0x00000008   Code   RO         2241    i.FIFO_Init         fifo.o
    0x08001642   0x0000000c   Code   RO         2242    i.FIFO_IsEmpty      fifo.o
    0x0800164e   0x00000010   Code   RO         2243    i.FIFO_IsFull       fifo.o
    0x0800165e   0x00000034   Code   RO         2245    i.FIFO_Pop          fifo.o
    0x08001692   0x0000003a   Code   RO         2246    i.FIFO_Push         fifo.o
    0x080016cc   0x00000006   Code   RO         2316    i.Flag_Get          fun.o
    0x080016d2   0x00000016   Code   RO         4313    i.Flash_Read        flash.o
    0x080016e8   0x00000010   Code   RO         1199    i.Fos_Read          fos.o
    0x080016f8   0x00000048   Code   RO         4348    i.GM_Cmd            motor.o
    0x08001740   0x00000028   Code   RO         3872    i.GPIO_Af           stm32util.o
    0x08001768   0x00000118   Code   RO         3873    i.GPIO_Config       stm32util.o
    0x08001880   0x00000010   Code   RO         3877    i.GPIO_In           stm32util.o
    0x08001890   0x000000a2   Code   RO         6453    i.GPIO_Init         stm32f4xx_gpio.o
    0x08001932   0x00000012   Code   RO         3878    i.GPIO_Out          stm32util.o
    0x08001944   0x00000020   Code   RO         6454    i.GPIO_PinAFConfig  stm32f4xx_gpio.o
    0x08001964   0x00000004   Code   RO         6460    i.GPIO_ResetBits    stm32f4xx_gpio.o
    0x08001968   0x00000004   Code   RO         6461    i.GPIO_SetBits      stm32f4xx_gpio.o
    0x0800196c   0x000000f8   Code   RO         1229    i.GetChassisStateRef  hci.o
    0x08001a64   0x000000c4   Code   RO         1567    i.GetChassisStateRef  rci.o
    0x08001b28   0x00000100   Code   RO         1230    i.GetGrabberStateRef  hci.o
    0x08001c28   0x000000f0   Code   RO         1568    i.GetGrabberStateRef  rci.o
    0x08001d18   0x00000064   Code   RO         1049    i.Gpl_Init          ctl.o
    0x08001d7c   0x00000064   Code   RO         1051    i.Gvl_Init          ctl.o
    0x08001de0   0x00000002   Code   RO          391    i.HardFault_Handler  stm32f4xx_it.o
    0x08001de2   0x00000002   PAD
    0x08001de4   0x00000026   Code   RO         2419    i.Hcf_Init          hcf.o
    0x08001e0a   0x00000040   Code   RO         2420    i.Hcf_Proc          hcf.o
    0x08001e4a   0x00000002   PAD
    0x08001e4c   0x00000034   Code   RO         1231    i.Hci_Init          hci.o
    0x08001e80   0x00000010   Code   RO         1232    i.Hci_MouseBtn      hci.o
    0x08001e90   0x0000000c   Code   RO         1233    i.Hci_PreProc       hci.o
    0x08001e9c   0x00000018   Code   RO         1234    i.Hci_Proc          hci.o
    0x08001eb4   0x0000001e   Code   RO         2437    i.Hcp_Dec           hcp.o
    0x08001ed2   0x0000001c   Code   RO         2439    i.Hcp_Init          hcp.o
    0x08001eee   0x00000002   PAD
    0x08001ef0   0x0000000c   Code   RO         1282    i.Ini_Init          ini.o
    0x08001efc   0x00000004   Code   RO         1332    i.Ios_GetCh         ios.o
    0x08001f00   0x0000001c   Code   RO         1333    i.Ios_Init          ios.o
    0x08001f1c   0x00000012   Code   RO         1334    i.Ios_PutCh         ios.o
    0x08001f2e   0x00000002   PAD
    0x08001f30   0x00000010   Code   RO         1337    i.Ios_SetIn         ios.o
    0x08001f40   0x00000010   Code   RO         1338    i.Ios_SetOut        ios.o
    0x08001f50   0x0000001a   Code   RO          458    i.KOS_Boot          kos.o
    0x08001f6a   0x00000002   PAD
    0x08001f6c   0x0000002c   Code   RO         3508    i.Key_Config        key.o
    0x08001f98   0x00000030   Code   RO         3538    i.Led_Config        led.o
    0x08001fc8   0x00000008   Code   RO         2643    i.Maf_Init          maf.o
    0x08001fd0   0x00000042   Code   RO         2645    i.Maf_Proc          maf.o
    0x08002012   0x00000002   PAD
    0x08002014   0x00000030   Code   RO         2646    i.Maf_Reset         maf.o
    0x08002044   0x00000030   Code   RO         1420    i.Mec_Init          mec.o
    0x08002074   0x0000002a   Code   RO         2683    i.Mecanum_Config    mecanum.o
    0x0800209e   0x00000002   Code   RO          392    i.MemManage_Handler  stm32f4xx_it.o
    0x080020a0   0x00000140   Code   RO          690    i.Motor_Process     can.o
    0x080021e0   0x00000006   Code   RO          692    i.Motor_Reset       can.o
    0x080021e6   0x00000002   Code   RO          393    i.NMI_Handler       stm32f4xx_it.o
    0x080021e8   0x0000001c   Code   RO         3885    i.NVIC_Config       stm32util.o
    0x08002204   0x00000064   Code   RO         4488    i.NVIC_Init         misc.o
    0x08002268   0x00000014   Code   RO         4489    i.NVIC_PriorityGroupConfig  misc.o
    0x0800227c   0x00000020   Code   RO         1463    i.Odo_Init          odo.o
    0x0800229c   0x00000006   Code   RO         2751    i.PID_Config        pid.o
    0x080022a2   0x00000002   PAD
    0x080022a4   0x00000024   Code   RO         2752    i.PID_Reset         pid.o
    0x080022c8   0x00001544   Code   RO         3886    i.PWM_Bind          stm32util.o
    0x0800380c   0x00000002   Code   RO          394    i.PendSV_Handler    stm32f4xx_it.o
    0x0800380e   0x00000002   PAD
    0x08003810   0x0000004c   Code   RO         3725    i.Pwm_Config        pwm.o
    0x0800385c   0x00000050   Code   RO         1511    i.Pwr_Init          pwr.o
    0x080038ac   0x00000018   Code   RO         7400    i.RCC_AHB1PeriphClockCmd  stm32f4xx_rcc.o
    0x080038c4   0x00000018   Code   RO         7409    i.RCC_APB1PeriphClockCmd  stm32f4xx_rcc.o
    0x080038dc   0x00000018   Code   RO         7412    i.RCC_APB2PeriphClockCmd  stm32f4xx_rcc.o
    0x080038f4   0x00000094   Code   RO         7421    i.RCC_GetClocksFreq  stm32f4xx_rcc.o
    0x08003988   0x00000028   Code   RO         2774    i.Rcf_Init          rcf.o
    0x080039b0   0x00000040   Code   RO         2775    i.Rcf_Proc          rcf.o
    0x080039f0   0x0000000c   Code   RO         1569    i.Rci_Init          rci.o
    0x080039fc   0x0000000c   Code   RO         1571    i.Rci_PreProc       rci.o
    0x08003a08   0x00000012   Code   RO         1572    i.Rci_Proc          rci.o
    0x08003a1a   0x00000002   PAD
    0x08003a1c   0x00000010   Code   RO         1573    i.Rci_Sw            rci.o
    0x08003a2c   0x0000004e   Code   RO         2792    i.Rcp_Dec           rcp.o
    0x08003a7a   0x00000002   PAD
    0x08003a7c   0x00000026   Code   RO         2794    i.Rcp_Init          rcp.o
    0x08003aa2   0x00000004   Code   RO         3005    i.RcvCallback       rcv_srv.o
    0x08003aa6   0x00000002   PAD
    0x08003aa8   0x00000094   Code   RO         3749    i.Rcv_Config        rcv.o
    0x08003b3c   0x00000020   Code   RO         1123    i.Rcv_Proc          dci.o
    0x08003b5c   0x00000004   Code   RO         2817    i.Rmp_Config        rmp.o
    0x08003b60   0x00000014   Code   RO         2819    i.Rmp_Reset         rmp.o
    0x08003b74   0x000009d8   Code   RO         3887    i.SPI_Bind          stm32util.o
    0x0800454c   0x00000014   Code   RO         8573    i.SPI_Cmd           stm32f4xx_spi.o
    0x08004560   0x000000c0   Code   RO         3888    i.SPI_Config        stm32util.o
    0x08004620   0x00000038   Code   RO         8586    i.SPI_Init          stm32f4xx_spi.o
    0x08004658   0x00000004   Code   RO         2981    i.SR04Callback      ext_srv.o
    0x0800465c   0x00000020   Code   RO         3817    i.SR04_Bind         sr04.o
    0x0800467c   0x0000001c   Code   RO         3818    i.SR04_Config       sr04.o
    0x08004698   0x00000068   Code   RO         3819    i.SR04_IRQHandler   sr04.o
    0x08004700   0x00000002   Code   RO          395    i.SVC_Handler       stm32f4xx_it.o
    0x08004702   0x00000002   PAD
    0x08004704   0x00000030   Code   RO         8738    i.SYSCFG_EXTILineConfig  stm32f4xx_syscfg.o
    0x08004734   0x00000018   Code   RO          487    i.Sch_Init          sch.o
    0x0800474c   0x00000030   Code   RO          488    i.Sch_Proc          sch.o
    0x0800477c   0x000000d0   Code   RO         9607    i.SetSysClock       system_stm32f4xx.o
    0x0800484c   0x00000010   Code   RO         1627    i.Snd_Init          snd.o
    0x0800485c   0x0000000c   Code   RO         1628    i.Snd_Play          snd.o
    0x08004868   0x0000000c   Code   RO         1630    i.Snd_Stop          snd.o
    0x08004874   0x00000054   Code   RO         3793    i.Spi5_Config       spi5.o
    0x080048c8   0x000000a8   Code   RO         1671    i.Sr04_Proc         srs.o
    0x08004970   0x0000004c   Code   RO         1672    i.Srs_Init          srs.o
    0x080049bc   0x00000004   Code   RO         3047    i.SyncTimCallback   tim_srv.o
    0x080049c0   0x0000002c   Code   RO         4099    i.SyncTim_Config    tim.o
    0x080049ec   0x00000028   Code   RO         4100    i.SyncTim_Start     tim.o
    0x08004a14   0x0000005c   Code   RO         9609    i.SystemInit        system_stm32f4xx.o
    0x08004a70   0x0000002a   Code   RO         4102    i.TIM2_IRQHandler   tim.o
    0x08004a9a   0x00000002   PAD
    0x08004a9c   0x00000030   Code   RO         4103    i.TIM6_DAC_IRQHandler  tim.o
    0x08004acc   0x00000014   Code   RO         8797    i.TIM_ARRPreloadConfig  stm32f4xx_tim.o
    0x08004ae0   0x00000006   Code   RO         8803    i.TIM_ClearFlag     stm32f4xx_tim.o
    0x08004ae6   0x00000006   Code   RO         8804    i.TIM_ClearITPendingBit  stm32f4xx_tim.o
    0x08004aec   0x00000014   Code   RO         8809    i.TIM_Cmd           stm32f4xx_tim.o
    0x08004b00   0x00000144   Code   RO         3891    i.TIM_Config        stm32util.o
    0x08004c44   0x00000018   Code   RO         8830    i.TIM_GetITStatus   stm32f4xx_tim.o
    0x08004c5c   0x00000010   Code   RO         8834    i.TIM_ITConfig      stm32f4xx_tim.o
    0x08004c6c   0x00000060   Code   RO         8838    i.TIM_OC1Init       stm32f4xx_tim.o
    0x08004ccc   0x0000000c   Code   RO         8841    i.TIM_OC1PreloadConfig  stm32f4xx_tim.o
    0x08004cd8   0x00000080   Code   RO         8843    i.TIM_OC2Init       stm32f4xx_tim.o
    0x08004d58   0x00000014   Code   RO         8846    i.TIM_OC2PreloadConfig  stm32f4xx_tim.o
    0x08004d6c   0x0000007c   Code   RO         8848    i.TIM_OC3Init       stm32f4xx_tim.o
    0x08004de8   0x0000000c   Code   RO         8851    i.TIM_OC3PreloadConfig  stm32f4xx_tim.o
    0x08004df4   0x00000060   Code   RO         8853    i.TIM_OC4Init       stm32f4xx_tim.o
    0x08004e54   0x00000014   Code   RO         8855    i.TIM_OC4PreloadConfig  stm32f4xx_tim.o
    0x08004e68   0x00000082   Code   RO         3892    i.TIM_OC_Config     stm32util.o
    0x08004eea   0x00000002   PAD
    0x08004eec   0x0000007c   Code   RO         8881    i.TIM_TimeBaseInit  stm32f4xx_tim.o
    0x08004f68   0x00000002   Code   RO         3048    i.TickTimCallback   tim_srv.o
    0x08004f6a   0x0000002e   Code   RO         4104    i.TickTim_Config    tim.o
    0x08004f98   0x00000022   Code   RO         4105    i.TickTim_Start     tim.o
    0x08004fba   0x0000000e   Code   RO         4107    i.Tim_Config        tim.o
    0x08004fc8   0x0000000e   Code   RO         4108    i.Tim_Start         tim.o
    0x08004fd6   0x00000004   Code   RO         2947    i.TtyRxCallback     com_srv.o
    0x08004fda   0x00000002   PAD
    0x08004fdc   0x00000070   Code   RO         4179    i.Tty_Config        tty.o
    0x0800504c   0x00000006   Code   RO          995    i.Tty_Proc          com.o
    0x08005052   0x00000002   PAD
    0x08005054   0x00000074   Code   RO         3752    i.USART1_IRQHandler  rcv.o
    0x080050c8   0x00000098   Code   RO         3160    i.USART2_IRQHandler  btm.o
    0x08005160   0x00000098   Code   RO         3383    i.USART3_IRQHandler  dbi.o
    0x080051f8   0x00000098   Code   RO         4193    i.USART6_IRQHandler  tty.o
    0x08005290   0x00000de0   Code   RO         3893    i.USART_Bind        stm32util.o
    0x08006070   0x00000014   Code   RO         9350    i.USART_Cmd         stm32f4xx_usart.o
    0x08006084   0x00000190   Code   RO         3894    i.USART_Config      stm32util.o
    0x08006214   0x00000010   Code   RO         9351    i.USART_DMACmd      stm32f4xx_usart.o
    0x08006224   0x0000003e   Code   RO         9354    i.USART_GetITStatus  stm32f4xx_usart.o
    0x08006262   0x00000030   Code   RO         9356    i.USART_ITConfig    stm32f4xx_usart.o
    0x08006292   0x00000002   PAD
    0x08006294   0x000000ac   Code   RO         9357    i.USART_Init        stm32f4xx_usart.o
    0x08006340   0x00000008   Code   RO         9364    i.USART_ReceiveData  stm32f4xx_usart.o
    0x08006348   0x00000008   Code   RO         9367    i.USART_SendData    stm32f4xx_usart.o
    0x08006350   0x00000038   Code   RO         1774    i.Upd_Init          upd.o
    0x08006388   0x00000014   Code   RO         1804    i.Upl_Init          upl.o
    0x0800639c   0x00000002   Code   RO          396    i.UsageFault_Handler  stm32f4xx_it.o
    0x0800639e   0x00000002   PAD
    0x080063a0   0x00000010   Code   RO         1849    i.Wdg_Feed          wdg.o
    0x080063b0   0x0000002c   Code   RO         1854    i.Wdg_Init          wdg.o
    0x080063dc   0x00000010   Code   RO         1910    i.Wsm_Init          wsm.o
    0x080063ec   0x0000008c   Code   RO          693    i.ZGyro_Process     can.o
    0x08006478   0x00000006   Code   RO          695    i.ZGyro_Reset       can.o
    0x0800647e   0x0000000e   Code   RO         9822    i.__scatterload_copy  mc_w.l(handlers.o)
    0x0800648c   0x00000002   Code   RO         9823    i.__scatterload_null  mc_w.l(handlers.o)
    0x0800648e   0x0000000e   Code   RO         9824    i.__scatterload_zeroinit  mc_w.l(handlers.o)
    0x0800649c   0x00000020   Code   RO         2320    i.constrain         fun.o
    0x080064bc   0x00000030   Code   RO            4    i.main              main.o
    0x080064ec   0x00000038   Code   RO         2321    i.map               fun.o
    0x08006524   0x000001e6   Data   RO          816    .constdata          cfg.o
    0x0800670a   0x00000002   PAD
    0x0800670c   0x00000058   Data   RO         1857    .constdata          wdg.o
    0x08006764   0x00000020   Data   RO         3820    .constdata          sr04.o
    0x08006784   0x00000020   Data   RO         9820    Region$$Table       anon$$obj.o


    Execution Region RW_IRAM1 (Base: 0x20000000, Size: 0x00001c80, Max: 0x00030000, ABSOLUTE, COMPRESSED[0x00000074])

    Base Addr    Size         Type   Attr      Idx    E Section Name        Object

    0x20000000   0x0000000c   Data   RW          491    .data               sch.o
    0x2000000c   0x00000008   Data   RW          609    .data               cal.o
    0x20000014   0x000000f3   Data   RW          817    .data               cfg.o
    0x20000107   0x00000001   PAD
    0x20000108   0x00000014   Data   RW          904    .data               clk.o
    0x2000011c   0x00000004   Data   RW         1286    .data               ini.o
    0x20000120   0x00000008   Data   RW         1343    .data               ios.o
    0x20000128   0x00000004   Data   RW         1467    .data               odo.o
    0x2000012c   0x00000004   Data   RW         1516    .data               pwr.o
    0x20000130   0x0000000c   Data   RW         1631    .data               snd.o
    0x2000013c   0x00000004   Data   RW         1675    .data               srs.o
    0x20000140   0x0000005c   Data   RW         1858    .data               wdg.o
    0x2000019c   0x00000002   Data   RW         1912    .data               wsm.o
    0x2000019e   0x00000010   Data   RW         7453    .data               stm32f4xx_rcc.o
    0x200001ae   0x00000002   PAD
    0x200001b0   0x0000001c   Zero   RW          608    .bss                cal.o
    0x200001cc   0x000002cc   Zero   RW          696    .bss                can.o
    0x20000498   0x0000004c   Zero   RW          952    .bss                cmd.o
    0x200004e4   0x00000238   Zero   RW         1052    .bss                ctl.o
    0x2000071c   0x00000016   Zero   RW         1124    .bss                dci.o
    0x20000732   0x00000002   PAD
    0x20000734   0x00000278   Zero   RW         1165    .bss                dnl.o
    0x200009ac   0x000000f0   Zero   RW         1235    .bss                hci.o
    0x20000a9c   0x00000014   Zero   RW         1422    .bss                mec.o
    0x20000ab0   0x00000064   Zero   RW         1466    .bss                odo.o
    0x20000b14   0x000002a0   Zero   RW         1515    .bss                pwr.o
    0x20000db4   0x00000010   Zero   RW         1574    .bss                rci.o
    0x20000dc4   0x00000160   Zero   RW         1674    .bss                srs.o
    0x20000f24   0x0000025c   Zero   RW         1809    .bss                upl.o
    0x20001180   0x00000228   Zero   RW         3161    .bss                btm.o
    0x200013a8   0x00000228   Zero   RW         3384    .bss                dbi.o
    0x200015d0   0x00000048   Zero   RW         3753    .bss                rcv.o
    0x20001618   0x00000040   Zero   RW         3895    .bss                stm32util.o
    0x20001658   0x00000228   Zero   RW         4194    .bss                tty.o
    0x20001880   0x00000400   Zero   RW         9645    STACK               startup_stm32f427xx.o


==============================================================================

Image component sizes


      Code (inc. data)   RO Data    RW Data    ZI Data      Debug   Object Name

        56          8          0          0          0        471   act.o
        86          0          0          0          0        547   app.o
        52          8          0          0          0        502   beep.o
        84          4          0          0          0        533   bsp.o
       324         38          0          0        552       2307   btm.o
        12          6          0          0          0        433   btn.o
        52         14          0          8         28       1678   cal.o
       696         62          0          0        716       5814   can.o
        52         10          0          0          0        482   can1.o
       220         26          0          0          0       1625   can2.o
         4          0          0          0          0        785   can_srv.o
         6          0          0          0          0        732   cbus.o
       278         12        486        243          0       4707   cfg.o
        28          4          0         20          0       1159   clk.o
        12          4          0          0         76       1029   cmd.o
        32          0          0          0          0       1804   com.o
        12          0          0          0          0       1452   com_srv.o
       508         34          0          0        568       3765   ctl.o
       392         46          0          0        552       2835   dbi.o
        44          0          0          0          0       1391   dbus.o
       128          8          0          0         22       2120   dci.o
        24          0          0          0          0        607   delay.o
        32          4          0          0        632       1315   dnl.o
       110          6          0          0          0       1894   ekf.o
         4          0          0          0          0        515   ext_srv.o
       168          0          0          0          0       3873   fifo.o
        22          0          0          0          0       1029   flash.o
        16          6          0          0          0        755   fos.o
        94          0          0          0          0       2211   fun.o
       102          0          0          0          0       1462   hcf.o
       608         58          0          0        240       4125   hci.o
        58          0          0          0          0       1321   hcp.o
        12          4          0          4          0        611   ini.o
        82         22          0          8          0       2989   ios.o
        44         10          0          0          0        485   key.o
        26          0          0          0          0        491   kos.o
        48          8          0          0          0        489   led.o
       122          6          0          0          0       1902   maf.o
        48          6          0          0          0     363740   main.o
        48          8          0          0         20        603   mec.o
        42          0          0          0          0        965   mecanum.o
       120         14          0          0          0       1583   misc.o
       150          0          0          0          0       1678   motor.o
        32         14          0          4        100       1093   odo.o
        42          6          0          0          0       1649   pid.o
        76         10          0          0          0        473   pwm.o
        80          8          0          4        672       1143   pwr.o
       104          0          0          0          0       1482   rcf.o
       494         60          0          0         16       3485   rci.o
       116          0          0          0          0       1329   rcp.o
       264         34          0          0         72       1605   rcv.o
         4          0          0          0          0        750   rcv_srv.o
        24          6          0          0          0       1261   rmp.o
        72         10          0         12          0       1658   sch.o
        40         14          0         12          0       1529   snd.o
        84         10          0          0          0        526   spi5.o
       164         18         32          0          0       2961   sr04.o
       244         16          0          4        352       2541   srs.o
        36          8        428          0       1024        848   startup_stm32f427xx.o
      1108         24          0          0          0       7734   stm32f4xx_can.o
       166          4          0          0          0       5014   stm32f4xx_dma.o
       156         20          0          0          0       2801   stm32f4xx_exti.o
       202          0          0          0          0       3003   stm32f4xx_gpio.o
        16          0          0          0          0       3692   stm32f4xx_it.o
       220         34          0         16          0       4903   stm32f4xx_rcc.o
        76          0          0          0          0       1829   stm32f4xx_spi.o
        48          6          0          0          0        700   stm32f4xx_syscfg.o
       724         60          0          0          0      11428   stm32f4xx_tim.o
       334          8          0          0          0       5670   stm32f4xx_usart.o
     14174        416          0          0         64      37348   stm32util.o
       300         36          0          0          0       1589   system_stm32f4xx.o
       282         18          0          0          0       4321   tim.o
         6          0          0          0          0        908   tim_srv.o
       264         28          0          0        552       1815   tty.o
        56          8          0          0          0        467   upd.o
        20          6          0          0        604       1155   upl.o
        60         16         88         92          0       1602   wdg.o
        16          6          0          2          0        643   wsm.o

    ----------------------------------------------------------------------
     25218       1340       1068        432       6864     551769   Object Totals
         0          0         32          0          0          0   (incl. Generated)
        56          0          2          3          2          0   (incl. Padding)

    ----------------------------------------------------------------------

      Code (inc. data)   RO Data    RW Data    ZI Data      Debug   Library Member Name

        86          0          0          0          0          0   __dczerorl2.o
         0          0          0          0          0          0   entry.o
         0          0          0          0          0          0   entry10a.o
         0          0          0          0          0          0   entry11a.o
         8          4          0          0          0          0   entry2.o
         4          0          0          0          0          0   entry5.o
         0          0          0          0          0          0   entry7b.o
         0          0          0          0          0          0   entry8b.o
         8          4          0          0          0          0   entry9a.o
        30          0          0          0          0          0   handlers.o
        36          8          0          0          0         68   init.o
        36          0          0          0          0         68   memcpya.o
        36          0          0          0          0        108   memseta.o

    ----------------------------------------------------------------------
       246         16          0          0          0        244   Library Totals
         2          0          0          0          0          0   (incl. Padding)

    ----------------------------------------------------------------------

      Code (inc. data)   RO Data    RW Data    ZI Data      Debug   Library Name

       244         16          0          0          0        244   mc_w.l

    ----------------------------------------------------------------------
       246         16          0          0          0        244   Library Totals

    ----------------------------------------------------------------------

==============================================================================


      Code (inc. data)   RO Data    RW Data    ZI Data      Debug   

     25464       1356       1068        432       6864     531145   Grand Totals
     25464       1356       1068        116       6864     531145   ELF Image Totals (compressed)
     25464       1356       1068        116          0          0   ROM Totals

==============================================================================

    Total RO  Size (Code + RO Data)                26532 (  25.91kB)
    Total RW  Size (RW Data + ZI Data)              7296 (   7.13kB)
    Total ROM Size (Code + RO Data + RW Data)      26648 (  26.02kB)

==============================================================================

